found external potential parameters 1 
found external potential parameters 4 
setting constrained list file constrains
Building protein from sequence: ABCDEFGHIGKLMNGPQRSTGVWGYZ.
Building protein from sequence: ABCDEFGHIGKLMNGPQRSTGVWGYZ (26 amino acids, 1 chains).
ABCDEFGHIGKLMNGPQRSTGVWGYZ 26
Building protein from sequence: cyiqncp.
Building protein from sequence: cyiqncp (7 amino acids, 1 chains).
cyiqncp 7
AD Grid maps initialisation finished 
1marking constrained amino acids from file constrains
Constraining amino acids: 1
WARNING! Contact map file 'NULL' given, so no bias interactions will be calculated.
0 0 0 0 0 0 0  aaa 1 99999 
 aaa 2 99999 
 aaa 3 99999 
 aaa 4 99999 
 aaa 5 99999 
 aaa 6 99999 
 aaa 7 99999 
SS Energy diag offdiag 699993 99999 99999 99999 99999 99999 99999 99999 
699993 
0 125.518 
0 0.0229412 1.74684 
0 -0.632507 -0.221354 2.37683 
0 -0.00203778 -0.0991659 -0.263731 1.75752 
0 0 0 0.101169 -0.189416 1.78956 
0 0 0 -0.000120035 -0.0596835 -0.221116 31.764 
0 0 0 0 -0.000521245 -0.082237 95.7023 0.750425 
initial transmutate ACYIQNCP 
transmutate!!! 150.634 120.432 90.566
transmutate!!! 150.634 120.432 90.566
begin run with pace 1 stretch 2500 
699993 99999 99999 99999 99999 99999 99999 99999 
699993 
0 125.518 
0 0.0229412 1.74684 
0 -0.632507 -0.221354 2.37683 
0 -0.00203778 -0.0991659 -0.263731 1.75752 
0 0 0 0.101169 -0.189416 1.78956 
0 0 0 -0.000120035 -0.0596835 -0.221116 31.764 
0 0 0 0 -0.000521245 -0.082237 95.7023 0.750425 
creating MC move lookup table.
Sequence:    CYIQNCP
Fixed:              
Constrained: x      
Chain:       1111111
len 1 bonds, Nchains 1:*0 x1 x2 x3 x4 x5 x6 x7 8+0 != (8-1+(1-0)*1

len 2 bonds, Nchains 1:*0 x1 x2 x3 x4 x5 x6 7+0 != (8-1+(1-1)*1
-1 
len 3 bonds, Nchains 1:*0 x1 x2 x3 x4 x5 6+0 != (8-1+(1-2)*1
-1 -1 
len 4 bonds, Nchains 1:*0 x1 x2 x3 x4 5+0 != (8-1+(1-3)*1
-1 -1 -1 
swap in best curr 312 swap 9999 best 99999
swap in best curr 304.044 swap 9999 best 312
swap between best curr 281.628 swap 312 best 281.628
swap between best curr 280.721 swap 281.628 best 280.721
swap between best curr 279.565 swap 280.721 best 279.565
swap between best curr 274.023 swap 279.565 best 274.023
swap between best curr 273.441 swap 274.023 best 273.441
swap between best curr 273.419 swap 273.441 best 273.419
swap between best curr 272.118 swap 273.419 best 272.118
swap between best curr 263.758 swap 272.118 best 263.758
swap between best curr 258.633 swap 263.758 best 258.633
swap between best curr 257.17 swap 258.633 best 257.17
swap between best curr 257.095 swap 257.17 best 257.095
swap between best curr 254.78 swap 257.095 best 254.78
swap between best curr 231.911 swap 254.78 best 231.911
swap between best curr 229.227 swap 231.911 best 229.227
swap between best curr 222.99 swap 229.227 best 222.99
swap between best curr 214.202 swap 222.99 best 214.202
swap between best curr 211.084 swap 214.202 best 211.084
swap between best curr 210.22 swap 211.084 best 210.22
swap between best curr 209.52 swap 210.22 best 209.52
swap between best curr 209.513 swap 209.52 best 209.513
swap between best curr 208.799 swap 209.513 best 208.799
swap between best curr 194.832 swap 208.799 best 194.832
swap between best curr 182.666 swap 194.832 best 182.666
swap between best curr 181.531 swap 182.666 best 181.531
swap between best curr 167.714 swap 181.531 best 167.714
swap between best curr 158.527 swap 167.714 best 158.527
swap between best curr 155.81 swap 158.527 best 155.81
swap between best curr 152.156 swap 155.81 best 152.156
swap between best curr 151.573 swap 152.156 best 151.573
swap between best curr 148.417 swap 151.573 best 148.417
swap between best curr 147.028 swap 148.417 best 147.028
swap between best curr 146.178 swap 147.028 best 146.178
swap in best curr 129.783 swap 9999 best 146.178
swap in good curr 130.452 swap 9999 best 129.783
swap between best curr 125.905 swap 130.452 best 125.905
swap between best curr 121.954 swap 125.905 best 121.954
swap between best curr 120.843 swap 121.954 best 120.843
swap between best curr 120.654 swap 120.843 best 120.654
swap between best curr 105.962 swap 120.654 best 105.962
swap between best curr 96.1281 swap 105.962 best 96.1281
swap between best curr 92.0972 swap 96.1281 best 92.0972
swap between best curr 90.5295 swap 92.0972 best 90.5295
swap between best curr 85.3265 swap 90.5295 best 85.3265
swap between best curr 82.5609 swap 85.3265 best 82.5609
swap between best curr 80.6176 swap 82.5609 best 80.6176
swap between best curr 73.6797 swap 80.6176 best 73.6797
swap between best curr 71.0172 swap 73.6797 best 71.0172
swap between best curr 70.9125 swap 71.0172 best 70.9125
swap between best curr 67.4292 swap 70.9125 best 67.4292
swap between best curr 57.7523 swap 67.4292 best 57.7523
swap between best curr 57.1321 swap 57.7523 best 57.1321
swap between best curr 53.1717 swap 57.1321 best 53.1717
swap between best curr 51.9246 swap 53.1717 best 51.9246
swap between best curr 51.7329 swap 51.9246 best 51.7329
swap between best curr 50.7274 swap 51.7329 best 50.7274
swap between best curr 48.2965 swap 50.7274 best 48.2965
swap between best curr 48.0172 swap 48.2965 best 48.0172
swap between best curr 47.9509 swap 48.0172 best 47.9509
swap between best curr 46.2046 swap 47.9509 best 46.2046
swap between best curr 46.1654 swap 46.2046 best 46.1654
swap between best curr 46.0452 swap 46.1654 best 46.0452
swap between best curr 45.9676 swap 46.0452 best 45.9676
swap between best curr 45.908 swap 45.9676 best 45.908
swap between best curr 44.3443 swap 45.908 best 44.3443
swap between best curr 43.1805 swap 44.3443 best 43.1805
swap between best curr 42.5558 swap 43.1805 best 42.5558
swap between best curr 40.3381 swap 42.5558 best 40.3381
swap between best curr 40.0938 swap 40.3381 best 40.0938
swap between best curr 39.5455 swap 40.0938 best 39.5455
swap between best curr 34.2634 swap 39.5455 best 34.2634
swap between best curr 30.7712 swap 34.2634 best 30.7712
swap between best curr 28.8551 swap 30.7712 best 28.8551
swap between best curr 28.6246 swap 28.8551 best 28.6246
swap between best curr 27.9143 swap 28.6246 best 27.9143
swap between best curr 27.4364 swap 27.9143 best 27.4364
swap between best curr 27.0349 swap 27.4364 best 27.0349
swap between best curr 25.9616 swap 27.0349 best 25.9616
swap between best curr 25.4754 swap 25.9616 best 25.4754
swap between best curr 23.8101 swap 25.4754 best 23.8101
swap between best curr 20.1698 swap 23.8101 best 20.1698
swap between best curr 19.0485 swap 20.1698 best 19.0485
swap between best curr 18.9548 swap 19.0485 best 18.9548
swap between best curr 18.662 swap 18.9548 best 18.662
swap between best curr 17.0112 swap 18.662 best 17.0112
swap between best curr 13.2932 swap 17.0112 best 13.2932
swap between best curr 13.1274 swap 13.2932 best 13.1274
swap between best curr 11.1072 swap 13.1274 best 11.1072
swap between best curr 9.97886 swap 11.1072 best 9.97886
swap between best curr 9.89234 swap 9.97886 best 9.89234
swap between best curr 8.48142 swap 9.89234 best 8.48142
swap between best curr 8.18778 swap 8.48142 best 8.18778
swap between best curr 6.28934 swap 8.18778 best 6.28934
swap between best curr 5.36852 swap 6.28934 best 5.36852
swap between best curr 4.42071 swap 5.36852 best 4.42071
swap between best curr 4.20598 swap 4.42071 best 4.20598
swap between best curr 3.50175 swap 4.20598 best 3.50175
swap between best curr 3.04112 swap 3.50175 best 3.04112
swap between best curr 2.11174 swap 3.04112 best 2.11174
swap between best curr 1.82631 swap 2.11174 best 1.82631
swap between best curr 1.64595 swap 1.82631 best 1.64595
swap between best curr 1.42477 swap 1.64595 best 1.42477
swap between best curr 1.39641 swap 1.42477 best 1.39641
swap between best curr 1.36446 swap 1.39641 best 1.36446
swap between best curr 0.473346 swap 1.36446 best 0.473346
swap between best curr -0.661082 swap 0.473346 best -0.661082
totalE 11.955155 extE -4.866495 
swap between best curr -1.02092 swap -0.661082 best -1.02092
totalE 11.383393 extE -5.155687 
swap between best curr -1.14429 swap -1.02092 best -1.14429
totalE 13.948777 extE -6.175307 
swap between best curr -1.21312 swap -1.14429 best -1.21312
totalE 10.433671 extE -5.095377 
swap between best curr -2.06294 swap -1.21312 best -2.06294
totalE 9.583844 extE -5.945204 
swap between best curr -2.27026 swap -2.06294 best -2.27026
totalE 9.493067 extE -6.191364 
swap between best curr -2.39229 swap -2.27026 best -2.39229
totalE 9.683332 extE -6.417494 
swap between best curr -2.5401 swap -2.39229 best -2.5401
totalE 9.088077 extE -6.416160 
swap between best curr -3.81123 swap -2.5401 best -3.81123
totalE 10.028532 extE -8.424478 
swap between best curr -4.43864 swap -3.81123 best -4.43864
totalE 8.445441 extE -8.733336 
swap between best curr -4.51352 swap -4.43864 best -4.51352
totalE 8.370565 extE -8.808212 
swap between best curr -5.03635 swap -4.51352 best -5.03635
totalE 7.847730 extE -9.331047 
totalE 700252.758198 extE 699993.000000 
totalE 700252.758198 extE 699993.000000 
totalE 700252.758198 extE 699993.000000 
totalE 700252.758198 extE 699993.000000 
totalE 700252.758198 extE 699993.000000 
totalE 700252.758198 extE 699993.000000 
totalE 700252.758198 extE 699993.000000 
totalE 7.847730 extE -9.331047 
totalE 230.660200 extE 118.017509 
totalE 230.660200 extE 118.017509 
totalE 7.847730 extE -9.331047 
best target energy -5.03635
The program has successfully finished in 1 seconds. :)  Bye-bye!
ramaprob initialise success 
transpoints initialise success with 236 transpoints 
grid box initialise succuss 75 51 65 
