found external potential parameters 1 
found external potential parameters 4 
setting constrained list file constrains
Building protein from sequence: ABCDEFGHIGKLMNGPQRSTGVWGYZ.
Building protein from sequence: ABCDEFGHIGKLMNGPQRSTGVWGYZ (26 amino acids, 1 chains).
ABCDEFGHIGKLMNGPQRSTGVWGYZ 26
Building protein from sequence: cyiqnca.
Building protein from sequence: cyiqnca (7 amino acids, 1 chains).
cyiqnca 7
AD Grid maps initialisation finished 
1marking constrained amino acids from file constrains
Constraining amino acids: 1
WARNING! Contact map file 'NULL' given, so no bias interactions will be calculated.
0 0 0 0 0 0 0  aaa 1 99999 
 aaa 2 99999 
 aaa 3 99999 
 aaa 4 99999 
 aaa 5 99999 
 aaa 6 99999 
 aaa 7 99999 
SS Energy diag offdiag 699993 99999 99999 99999 99999 99999 99999 99999 
699993 
0 125.518 
0 0.0229412 1.74684 
0 -0.632507 -0.221354 2.37683 
0 -0.00134536 -0.039404 -0.212373 1.7516 
0 0 0 0.101169 -0.193859 1.78956 
0 0 0 -0.000120035 -0.0647755 -0.221116 31.764 
0 0 0 0 0 -0.0364825 -0.195192 0.736033 
initial transmutate ACYIQNCA 
transmutate!!! 144.634 116.432 100.566
transmutate!!! 144.634 116.432 100.566
begin run with pace 1 stretch 2500 
699993 99999 99999 99999 99999 99999 99999 99999 
699993 
0 125.518 
0 0.0229412 1.74684 
0 -0.632507 -0.221354 2.37683 
0 -0.00134536 -0.039404 -0.212373 1.7516 
0 0 0 0.101169 -0.193859 1.78956 
0 0 0 -0.000120035 -0.0647755 -0.221116 31.764 
0 0 0 0 0 -0.0364825 -0.195192 0.736033 
creating MC move lookup table.
Sequence:    CYIQNCA
Fixed:              
Constrained: x      
Chain:       1111111
len 1 bonds, Nchains 1:*0 x1 x2 x3 x4 x5 x6 x7 8+0 != (8-1+(1-0)*1

len 2 bonds, Nchains 1:*0 x1 x2 x3 x4 x5 x6 7+0 != (8-1+(1-1)*1
-1 
len 3 bonds, Nchains 1:*0 x1 x2 x3 x4 x5 6+0 != (8-1+(1-2)*1
-1 -1 
len 4 bonds, Nchains 1:*0 x1 x2 x3 x4 5+0 != (8-1+(1-3)*1
-1 -1 -1 
swap in best curr 221.775 swap 9999 best 99999
swap in best curr 217.941 swap 9999 best 221.775
swap between best curr 195.548 swap 221.775 best 195.548
swap between best curr 194.14 swap 195.548 best 194.14
swap between best curr 179.296 swap 194.14 best 179.296
swap between best curr 155.699 swap 179.296 best 155.699
swap between best curr 154.173 swap 155.699 best 154.173
swap between best curr 151.576 swap 154.173 best 151.576
swap between best curr 151.208 swap 151.576 best 151.208
swap between best curr 148.371 swap 151.208 best 148.371
swap between best curr 146.367 swap 148.371 best 146.367
swap between best curr 140.142 swap 146.367 best 140.142
swap between best curr 133.297 swap 140.142 best 133.297
swap between best curr 131.595 swap 133.297 best 131.595
swap between best curr 129.139 swap 131.595 best 129.139
swap between best curr 127.058 swap 129.139 best 127.058
swap between best curr 125.068 swap 127.058 best 125.068
swap between best curr 123.023 swap 125.068 best 123.023
swap between best curr 120.466 swap 123.023 best 120.466
swap between best curr 116.784 swap 120.466 best 116.784
swap between best curr 116.127 swap 116.784 best 116.127
swap between best curr 115.63 swap 116.127 best 115.63
swap between best curr 110.759 swap 115.63 best 110.759
swap between best curr 93.8172 swap 110.759 best 93.8172
swap between best curr 91.1321 swap 93.8172 best 91.1321
swap between best curr 90.337 swap 91.1321 best 90.337
swap between best curr 88.2924 swap 90.337 best 88.2924
swap between best curr 88.1016 swap 88.2924 best 88.1016
swap between best curr 87.4609 swap 88.1016 best 87.4609
swap between best curr 87.3342 swap 87.4609 best 87.3342
swap between best curr 87.2091 swap 87.3342 best 87.2091
swap between best curr 86.9928 swap 87.2091 best 86.9928
swap between best curr 84.8793 swap 86.9928 best 84.8793
swap between best curr 84.6653 swap 84.8793 best 84.6653
swap between best curr 84.2935 swap 84.6653 best 84.2935
swap between best curr 83.0825 swap 84.2935 best 83.0825
swap between best curr 73.8672 swap 83.0825 best 73.8672
swap between best curr 72.9996 swap 73.8672 best 72.9996
swap between best curr 69.3672 swap 72.9996 best 69.3672
swap between best curr 69.1685 swap 69.3672 best 69.1685
swap between best curr 69.0836 swap 69.1685 best 69.0836
swap between best curr 68.4746 swap 69.0836 best 68.4746
swap between best curr 67.3939 swap 68.4746 best 67.3939
swap between best curr 67.3024 swap 67.3939 best 67.3024
swap between best curr 67.1101 swap 67.3024 best 67.1101
swap between best curr 65.6959 swap 67.1101 best 65.6959
swap between best curr 65.2002 swap 65.6959 best 65.2002
swap between best curr 61.1905 swap 65.2002 best 61.1905
swap between best curr 57.6783 swap 61.1905 best 57.6783
swap between best curr 51.9182 swap 57.6783 best 51.9182
swap between best curr 47.3554 swap 51.9182 best 47.3554
swap between best curr 41.858 swap 47.3554 best 41.858
swap between best curr 29.6159 swap 41.858 best 29.6159
swap between best curr 18.2325 swap 29.6159 best 18.2325
swap between best curr 1.20944 swap 18.2325 best 1.20944
swap between best curr 0.726639 swap 1.20944 best 0.726639
swap between best curr 0.468782 swap 0.726639 best 0.468782
swap between best curr -2.1543 swap 0.468782 best -2.1543
totalE 16.246979 extE -8.288061 
swap between best curr -4.77464 swap -2.1543 best -4.77464
totalE 7.624613 extE -8.907723 
swap between best curr -5.05024 swap -4.77464 best -5.05024
totalE 7.086411 extE -9.095794 
swap between best curr -5.38655 swap -5.05024 best -5.38655
totalE 6.750107 extE -9.432098 
swap between best curr -5.4164 swap -5.38655 best -5.4164
totalE 6.624189 extE -9.429935 
swap between best curr -5.42588 swap -5.4164 best -5.42588
totalE 6.614712 extE -9.439412 
swap between best curr -5.97439 swap -5.42588 best -5.97439
totalE 6.130400 extE -10.009324 
swap between best curr -6.0447 swap -5.97439 best -6.0447
totalE 6.067960 extE -10.082259 
swap between best curr -6.63934 swap -6.0447 best -6.63934
totalE 4.294106 extE -10.283827 
swap between best curr -6.66775 swap -6.63934 best -6.66775
totalE 3.163191 extE -9.944736 
swap between best curr -7.1073 swap -6.66775 best -7.1073
totalE 2.723647 extE -10.384281 
swap between best curr -7.1757 swap -7.1073 best -7.1757
totalE 2.973129 extE -10.558649 
swap between best curr -7.23025 swap -7.1757 best -7.23025
totalE 2.918583 extE -10.613195 
swap between best curr -7.30193 swap -7.23025 best -7.30193
totalE 2.846908 extE -10.684870 
swap between best curr -7.36075 swap -7.30193 best -7.36075
totalE 2.228123 extE -10.557039 
swap in good curr -3.12447 swap 9999 best -7.36075
swap between good curr -3.54473 swap -3.12447 best -7.36075
swap between good curr -3.73861 swap -3.54473 best -7.36075
swap between good curr -4.31715 swap -3.73861 best -7.36075
swap between good curr -4.50237 swap -4.31715 best -7.36075
swap between good curr -4.51728 swap -4.50237 best -7.36075
swap between good curr -4.8569 swap -4.51728 best -7.36075
swap between good curr -4.99308 swap -4.8569 best -7.36075
swap between good curr -5.22616 swap -4.99308 best -7.36075
swap between good curr -5.29349 swap -5.22616 best -7.36075
swap between good curr -6.09947 swap -5.29349 best -7.36075
swap between good curr -6.27997 swap -6.09947 best -7.36075
swap between good curr -6.84464 swap -6.27997 best -7.36075
swap between good curr -6.88568 swap -6.84464 best -7.36075
swap between good curr -7.09876 swap -6.88568 best -7.36075
swap between best curr -7.39477 swap -7.09876 best -7.39477
totalE 6.407854 extE -11.995651 
swap between best curr -7.87352 swap -7.39477 best -7.87352
totalE 6.028987 extE -12.507695 
swap between best curr -8.30952 swap -7.87352 best -8.30952
totalE 5.600416 extE -12.946167 
swap between best curr -8.71217 swap -8.30952 best -8.71217
totalE 5.733216 extE -13.527299 
swap between good curr -8.3144 swap -7.36075 best -8.71217
swap between good curr -8.42053 swap -8.3144 best -8.71217
totalE 700156.988938 extE 699993.000000 
totalE 700156.988938 extE 699993.000000 
totalE 700156.988938 extE 699993.000000 
totalE 700156.988938 extE 699993.000000 
totalE 700156.988938 extE 699993.000000 
totalE 700156.988938 extE 699993.000000 
totalE 700156.988938 extE 699993.000000 
totalE 700156.988938 extE 699993.000000 
totalE 5.733216 extE -13.527299 
totalE 0.721133 extE -11.467756 
totalE 5.733216 extE -13.527299 
best target energy -8.71217
The program has successfully finished in 1 seconds. :)  Bye-bye!
ramaprob initialise success 
transpoints initialise success with 236 transpoints 
grid box initialise succuss 75 51 65 
