found external potential parameters 1 
found external potential parameters 4 
setting constrained list file constrains
Building protein from sequence: ABCDEFGHIGKLMNGPQRSTGVWGYZ.
Building protein from sequence: ABCDEFGHIGKLMNGPQRSTGVWGYZ (26 amino acids, 1 chains).
ABCDEFGHIGKLMNGPQRSTGVWGYZ 26
Building protein from sequence: cyiqnct.
Building protein from sequence: cyiqnct (7 amino acids, 1 chains).
cyiqnct 7
AD Grid maps initialisation finished 
1marking constrained amino acids from file constrains
Constraining amino acids: 1
WARNING! Contact map file 'NULL' given, so no bias interactions will be calculated.
0 0 0 0 0 0 0  aaa 1 99999 
 aaa 2 99999 
 aaa 3 99999 
 aaa 4 99999 
 aaa 5 99999 
 aaa 6 99999 
 aaa 7 99999 
SS Energy diag offdiag 699993 99999 99999 99999 99999 99999 99999 99999 
699993 
0 125.518 
0 0.0229411 1.74684 
0 -0.632507 -0.221354 2.37683 
0 -0.00134536 -0.0367247 -0.21248 2.00073 
0 0 0 0.101169 -0.229524 1.78956 
0 0 0 -0.000120036 0.163946 -0.221115 31.764 
0 0 0 0 0 -0.0428241 -0.262144 0.957301 
initial transmutate ACYIQNCT 
transmutate!!! 136.634 126.432 107.566
transmutate!!! 136.634 126.432 107.566
begin run with pace 1 stretch 2500 
699993 99999 99999 99999 99999 99999 99999 99999 
699993 
0 125.518 
0 0.0229411 1.74684 
0 -0.632507 -0.221354 2.37683 
0 -0.00134536 -0.0367247 -0.21248 2.00073 
0 0 0 0.101169 -0.229524 1.78956 
0 0 0 -0.000120036 0.163946 -0.221115 31.764 
0 0 0 0 0 -0.0428241 -0.262144 0.957301 
creating MC move lookup table.
Sequence:    CYIQNCT
Fixed:              
Constrained: x      
Chain:       1111111
len 1 bonds, Nchains 1:*0 x1 x2 x3 x4 x5 x6 x7 8+0 != (8-1+(1-0)*1

len 2 bonds, Nchains 1:*0 x1 x2 x3 x4 x5 x6 7+0 != (8-1+(1-1)*1
-1 
len 3 bonds, Nchains 1:*0 x1 x2 x3 x4 x5 6+0 != (8-1+(1-2)*1
-1 -1 
len 4 bonds, Nchains 1:*0 x1 x2 x3 x4 5+0 != (8-1+(1-3)*1
-1 -1 -1 
swap in best curr 268.941 swap 9999 best 99999
swap in best curr 261.04 swap 9999 best 268.941
swap between best curr 247.109 swap 268.941 best 247.109
swap between best curr 241.185 swap 247.109 best 241.185
swap between best curr 230.089 swap 241.185 best 230.089
swap between best curr 226.672 swap 230.089 best 226.672
swap between best curr 226.059 swap 226.672 best 226.059
swap between best curr 218.562 swap 226.059 best 218.562
swap between best curr 214.86 swap 218.562 best 214.86
swap between best curr 205.594 swap 214.86 best 205.594
swap between best curr 193.334 swap 205.594 best 193.334
swap between best curr 181.425 swap 193.334 best 181.425
swap between best curr 173.743 swap 181.425 best 173.743
swap between best curr 173.279 swap 173.743 best 173.279
swap between best curr 153.205 swap 173.279 best 153.205
swap between best curr 152.836 swap 153.205 best 152.836
swap between best curr 152.354 swap 152.836 best 152.354
swap between best curr 150.57 swap 152.354 best 150.57
swap between best curr 146.679 swap 150.57 best 146.679
swap between best curr 129.31 swap 146.679 best 129.31
swap between best curr 129.267 swap 129.31 best 129.267
swap between best curr 119.341 swap 129.267 best 119.341
swap between best curr 118.823 swap 119.341 best 118.823
swap between best curr 116.422 swap 118.823 best 116.422
swap in good curr 116.459 swap 9999 best 116.422
swap between best curr 115.691 swap 116.459 best 115.691
swap between best curr 114.717 swap 115.691 best 114.717
swap between best curr 99.9451 swap 114.717 best 99.9451
swap between best curr 89.2099 swap 99.9451 best 89.2099
swap between best curr 76.3551 swap 89.2099 best 76.3551
swap between best curr 69.1125 swap 76.3551 best 69.1125
swap between best curr 57.6739 swap 69.1125 best 57.6739
swap between best curr 57.4261 swap 57.6739 best 57.4261
swap between best curr 55.3471 swap 57.4261 best 55.3471
swap between best curr 52.4255 swap 55.3471 best 52.4255
totalE 700157.581670 extE 699993.000000 
totalE 700157.581670 extE 699993.000000 
totalE 700157.581670 extE 699993.000000 
totalE 700157.581670 extE 699993.000000 
totalE 700157.581670 extE 699993.000000 
totalE 700157.581670 extE 699993.000000 
totalE 700157.581670 extE 699993.000000 
totalE 700157.581670 extE 699993.000000 
totalE 87.942578 extE 40.586410 
totalE 172.926925 extE 97.587016 
totalE 87.942578 extE 40.586410 
best target energy 52.4255
The program has successfully finished in 0 seconds. :)  Bye-bye!
ramaprob initialise success 
transpoints initialise success with 236 transpoints 
grid box initialise succuss 75 51 65 
