found external potential parameters 1 
found external potential parameters 4 
setting constrained list file constrains
Building protein from sequence: ABCDEFGHIGKLMNGPQRSTGVWGYZ.
Building protein from sequence: ABCDEFGHIGKLMNGPQRSTGVWGYZ (26 amino acids, 1 chains).
ABCDEFGHIGKLMNGPQRSTGVWGYZ 26
Building protein from sequence: cyiqnct.
Building protein from sequence: cyiqnct (7 amino acids, 1 chains).
cyiqnct 7
AD Grid maps initialisation finished 
1marking constrained amino acids from file constrains
Constraining amino acids: 1
WARNING! Contact map file 'NULL' given, so no bias interactions will be calculated.
0 0 0 0 0 0 0  aaa 1 99999 
 aaa 2 99999 
 aaa 3 99999 
 aaa 4 99999 
 aaa 5 99999 
 aaa 6 99999 
 aaa 7 99999 
SS Energy diag offdiag 699993 99999 99999 99999 99999 99999 99999 99999 
699993 
0 125.518 
0 0.0229411 1.74684 
0 -0.632507 -0.221354 2.37683 
0 -0.00203778 -0.0991659 -0.263731 1.75752 
0 0 0 0.101169 -0.189416 1.78956 
0 0 0 -0.000120036 -0.0596835 -0.221115 31.764 
0 0 0 0 0 -0.0428241 -0.262144 0.957301 
initial transmutate ACYIQNCT 
transmutate!!! 141.634 124.432 106.566
transmutate!!! 141.634 124.432 106.566
begin run with pace 1 stretch 2500 
699993 99999 99999 99999 99999 99999 99999 99999 
699993 
0 125.518 
0 0.0229411 1.74684 
0 -0.632507 -0.221354 2.37683 
0 -0.00203778 -0.0991659 -0.263731 1.75752 
0 0 0 0.101169 -0.189416 1.78956 
0 0 0 -0.000120036 -0.0596835 -0.221115 31.764 
0 0 0 0 0 -0.0428241 -0.262144 0.957301 
creating MC move lookup table.
Sequence:    CYIQNCT
Fixed:              
Constrained: x      
Chain:       1111111
len 1 bonds, Nchains 1:*0 x1 x2 x3 x4 x5 x6 x7 8+0 != (8-1+(1-0)*1

len 2 bonds, Nchains 1:*0 x1 x2 x3 x4 x5 x6 7+0 != (8-1+(1-1)*1
-1 
len 3 bonds, Nchains 1:*0 x1 x2 x3 x4 x5 6+0 != (8-1+(1-2)*1
-1 -1 
len 4 bonds, Nchains 1:*0 x1 x2 x3 x4 5+0 != (8-1+(1-3)*1
-1 -1 -1 
swap in best curr 299.847 swap 9999 best 99999
swap in best curr 290.911 swap 9999 best 299.847
swap between best curr 272.821 swap 299.847 best 272.821
swap between best curr 272.294 swap 272.821 best 272.294
swap between best curr 272.226 swap 272.294 best 272.226
swap between best curr 269.55 swap 272.226 best 269.55
swap between best curr 264.177 swap 269.55 best 264.177
swap between best curr 264.175 swap 264.177 best 264.175
swap between best curr 263.133 swap 264.175 best 263.133
swap between best curr 263.074 swap 263.133 best 263.074
swap between best curr 262.166 swap 263.074 best 262.166
swap between best curr 259.044 swap 262.166 best 259.044
swap between best curr 258.668 swap 259.044 best 258.668
swap between best curr 255.65 swap 258.668 best 255.65
swap between best curr 231.058 swap 255.65 best 231.058
swap between best curr 230.25 swap 231.058 best 230.25
swap between best curr 225.305 swap 230.25 best 225.305
swap between best curr 201.103 swap 225.305 best 201.103
swap between best curr 197.683 swap 201.103 best 197.683
swap between best curr 186.502 swap 197.683 best 186.502
swap between best curr 186.496 swap 186.502 best 186.496
swap between best curr 170.885 swap 186.496 best 170.885
swap between best curr 165.982 swap 170.885 best 165.982
swap between best curr 161.498 swap 165.982 best 161.498
swap between best curr 152.667 swap 161.498 best 152.667
swap between best curr 149.144 swap 152.667 best 149.144
swap between best curr 142.897 swap 149.144 best 142.897
swap between best curr 132.147 swap 142.897 best 132.147
swap between best curr 130.43 swap 132.147 best 130.43
swap between best curr 128.757 swap 130.43 best 128.757
swap between best curr 126.523 swap 128.757 best 126.523
swap between best curr 124.666 swap 126.523 best 124.666
swap between best curr 119.3 swap 124.666 best 119.3
swap between best curr 113.736 swap 119.3 best 113.736
swap in best curr 108.07 swap 9999 best 113.736
swap in best curr 95.8977 swap 9999 best 108.07
swap between best curr 95.1183 swap 108.07 best 95.1183
swap between best curr 94.2077 swap 95.1183 best 94.2077
swap between best curr 91.4193 swap 94.2077 best 91.4193
swap between best curr 81.0918 swap 91.4193 best 81.0918
swap between best curr 78.0243 swap 81.0918 best 78.0243
swap between best curr 76.3402 swap 78.0243 best 76.3402
swap between best curr 75.996 swap 76.3402 best 75.996
swap between best curr 74.8526 swap 75.996 best 74.8526
swap between best curr 73.9882 swap 74.8526 best 73.9882
swap between best curr 73.2463 swap 73.9882 best 73.2463
swap between best curr 72.9741 swap 73.2463 best 72.9741
swap between best curr 71.8022 swap 72.9741 best 71.8022
swap between best curr 70.7276 swap 71.8022 best 70.7276
swap between best curr 69.3752 swap 70.7276 best 69.3752
swap between best curr 64.4951 swap 69.3752 best 64.4951
swap between best curr 64.3498 swap 64.4951 best 64.3498
swap between best curr 62.6866 swap 64.3498 best 62.6866
swap between best curr 61.7601 swap 62.6866 best 61.7601
swap between best curr 58.4587 swap 61.7601 best 58.4587
swap between best curr 53.5195 swap 58.4587 best 53.5195
swap between best curr 52.7506 swap 53.5195 best 52.7506
swap between best curr 52.5983 swap 52.7506 best 52.5983
swap between best curr 52.4347 swap 52.5983 best 52.4347
swap between best curr 52.4134 swap 52.4347 best 52.4134
swap between best curr 50.8963 swap 52.4134 best 50.8963
swap between best curr 49.2492 swap 50.8963 best 49.2492
swap between best curr 49.2366 swap 49.2492 best 49.2366
totalE 700157.040550 extE 699993.000000 
totalE 700157.040550 extE 699993.000000 
totalE 700157.040550 extE 699993.000000 
totalE 700157.040550 extE 699993.000000 
totalE 700157.040550 extE 699993.000000 
totalE 700157.040550 extE 699993.000000 
totalE 700157.040550 extE 699993.000000 
totalE 66.349182 extE 43.532399 
totalE 162.996519 extE 97.315993 
totalE 162.996519 extE 97.315993 
totalE 66.349182 extE 43.532399 
best target energy 49.2366
The program has successfully finished in 0 seconds. :)  Bye-bye!
ramaprob initialise success 
transpoints initialise success with 236 transpoints 
grid box initialise succuss 75 51 65 
