found external potential parameters 1 
found external potential parameters 4 
setting constrained list file constrains
Building protein from sequence: ABCDEFGHIGKLMNGPQRSTGVWGYZ.
Building protein from sequence: ABCDEFGHIGKLMNGPQRSTGVWGYZ (26 amino acids, 1 chains).
ABCDEFGHIGKLMNGPQRSTGVWGYZ 26
Building protein from sequence: cyiqncy.
Building protein from sequence: cyiqncy (7 amino acids, 1 chains).
cyiqncy 7
AD Grid maps initialisation finished 
1marking constrained amino acids from file constrains
Constraining amino acids: 1
WARNING! Contact map file 'NULL' given, so no bias interactions will be calculated.
0 0 0 0 0 0 0  aaa 1 99999 
 aaa 2 99999 
 aaa 3 99999 
 aaa 4 99999 
 aaa 5 99999 
 aaa 6 99999 
 aaa 7 99999 
SS Energy diag offdiag 699993 99999 99999 99999 99999 99999 99999 99999 
699993 
0 125.518 
0 0.0229412 1.74684 
0 -0.632507 -0.221354 2.37683 
0 -0.00134536 -0.0364519 -0.208692 1.75753 
0 0 0 0.101169 -0.202915 1.78956 
0 0 0 -0.000120035 0.129724 -0.221116 31.764 
0 0 0 0 0 -0.0383381 -0.20525 0.718843 
initial transmutate ACYIQNCY 
transmutate!!! 143.634 113.432 102.566
transmutate!!! 143.634 113.432 102.566
begin run with pace 1 stretch 2500 
699993 99999 99999 99999 99999 99999 99999 99999 
699993 
0 125.518 
0 0.0229412 1.74684 
0 -0.632507 -0.221354 2.37683 
0 -0.00134536 -0.0364519 -0.208692 1.75753 
0 0 0 0.101169 -0.202915 1.78956 
0 0 0 -0.000120035 0.129724 -0.221116 31.764 
0 0 0 0 0 -0.0383381 -0.20525 0.718843 
creating MC move lookup table.
Sequence:    CYIQNCY
Fixed:              
Constrained: x      
Chain:       1111111
len 1 bonds, Nchains 1:*0 x1 x2 x3 x4 x5 x6 x7 8+0 != (8-1+(1-0)*1

len 2 bonds, Nchains 1:*0 x1 x2 x3 x4 x5 x6 7+0 != (8-1+(1-1)*1
-1 
len 3 bonds, Nchains 1:*0 x1 x2 x3 x4 x5 6+0 != (8-1+(1-2)*1
-1 -1 
len 4 bonds, Nchains 1:*0 x1 x2 x3 x4 5+0 != (8-1+(1-3)*1
-1 -1 -1 
swap in best curr 361.839 swap 9999 best 99999
swap in best curr 350.215 swap 9999 best 361.839
swap between best curr 349.043 swap 361.839 best 349.043
swap between best curr 337.72 swap 349.043 best 337.72
swap between best curr 336.394 swap 337.72 best 336.394
swap between best curr 332.745 swap 336.394 best 332.745
swap between best curr 332.195 swap 332.745 best 332.195
swap between best curr 327.135 swap 332.195 best 327.135
swap between best curr 323.076 swap 327.135 best 323.076
swap between best curr 319.606 swap 323.076 best 319.606
swap between best curr 313.411 swap 319.606 best 313.411
swap between best curr 305.529 swap 313.411 best 305.529
swap between best curr 303.743 swap 305.529 best 303.743
swap between best curr 296.88 swap 303.743 best 296.88
swap between best curr 261.202 swap 296.88 best 261.202
swap between best curr 249.751 swap 261.202 best 249.751
swap between best curr 246.414 swap 249.751 best 246.414
swap between best curr 243.665 swap 246.414 best 243.665
swap between best curr 240.15 swap 243.665 best 240.15
swap between best curr 194.937 swap 240.15 best 194.937
swap between best curr 188.698 swap 194.937 best 188.698
swap between best curr 187.52 swap 188.698 best 187.52
swap between best curr 186.397 swap 187.52 best 186.397
swap between best curr 184.048 swap 186.397 best 184.048
swap between best curr 180.68 swap 184.048 best 180.68
swap between best curr 180.425 swap 180.68 best 180.425
swap between best curr 178.953 swap 180.425 best 178.953
swap between best curr 178.572 swap 178.953 best 178.572
swap between best curr 178.38 swap 178.572 best 178.38
swap between best curr 177.71 swap 178.38 best 177.71
swap between best curr 176.82 swap 177.71 best 176.82
swap between best curr 173.652 swap 176.82 best 173.652
swap between best curr 144.193 swap 173.652 best 144.193
swap between best curr 132.146 swap 144.193 best 132.146
swap between best curr 132.002 swap 132.146 best 132.002
swap between best curr 91.648 swap 132.002 best 91.648
swap between best curr 76.5894 swap 91.648 best 76.5894
swap between best curr 74.5241 swap 76.5894 best 74.5241
swap between best curr 71.0207 swap 74.5241 best 71.0207
swap between best curr 70.2455 swap 71.0207 best 70.2455
swap between best curr 70.1744 swap 70.2455 best 70.1744
swap between best curr 69.7451 swap 70.1744 best 69.7451
swap between best curr 69.0053 swap 69.7451 best 69.0053
swap between best curr 67.9058 swap 69.0053 best 67.9058
swap between best curr 64.4183 swap 67.9058 best 64.4183
swap between best curr 54.4598 swap 64.4183 best 54.4598
swap between best curr 50.729 swap 54.4598 best 50.729
swap between best curr 45.5374 swap 50.729 best 45.5374
swap between best curr 42.0258 swap 45.5374 best 42.0258
swap between best curr 41.9336 swap 42.0258 best 41.9336
swap between best curr 39.686 swap 41.9336 best 39.686
swap between best curr 39.6261 swap 39.686 best 39.6261
swap between best curr 38.9391 swap 39.6261 best 38.9391
swap between best curr 38.1703 swap 38.9391 best 38.1703
swap between best curr 32.218 swap 38.1703 best 32.218
swap between best curr 30.9404 swap 32.218 best 30.9404
swap between best curr 30.2363 swap 30.9404 best 30.2363
swap between best curr 26.7059 swap 30.2363 best 26.7059
swap between best curr 25.7388 swap 26.7059 best 25.7388
swap between best curr 25.656 swap 25.7388 best 25.656
swap between best curr 24.921 swap 25.656 best 24.921
swap between best curr 23.9682 swap 24.921 best 23.9682
swap between best curr 23.8338 swap 23.9682 best 23.8338
swap between best curr 23.0918 swap 23.8338 best 23.0918
swap between best curr 22.6379 swap 23.0918 best 22.6379
swap between best curr 21.9732 swap 22.6379 best 21.9732
swap between best curr 21.1691 swap 21.9732 best 21.1691
swap between best curr 20.8435 swap 21.1691 best 20.8435
swap between best curr 19.7813 swap 20.8435 best 19.7813
swap between best curr 19.6958 swap 19.7813 best 19.6958
swap between best curr 19.5769 swap 19.6958 best 19.5769
swap between best curr 19.5193 swap 19.5769 best 19.5193
swap between best curr 18.431 swap 19.5193 best 18.431
swap between best curr 18.1093 swap 18.431 best 18.1093
swap between best curr 17.672 swap 18.1093 best 17.672
swap between best curr 16.662 swap 17.672 best 16.662
swap between best curr 16.1992 swap 16.662 best 16.1992
swap between best curr 16.0665 swap 16.1992 best 16.0665
swap between best curr 15.6584 swap 16.0665 best 15.6584
swap between best curr 15.2132 swap 15.6584 best 15.2132
swap between best curr 14.6512 swap 15.2132 best 14.6512
swap between best curr 13.8096 swap 14.6512 best 13.8096
swap between best curr 13.0042 swap 13.8096 best 13.0042
swap between best curr 12.1307 swap 13.0042 best 12.1307
swap between best curr 11.9446 swap 12.1307 best 11.9446
swap between best curr 11.7835 swap 11.9446 best 11.7835
swap between best curr 11.5662 swap 11.7835 best 11.5662
swap between best curr 11.3843 swap 11.5662 best 11.3843
swap between best curr 10.9972 swap 11.3843 best 10.9972
swap between best curr 10.5931 swap 10.9972 best 10.5931
swap between best curr 10.3577 swap 10.5931 best 10.3577
swap between best curr 9.33896 swap 10.3577 best 9.33896
swap between best curr 8.14297 swap 9.33896 best 8.14297
swap between best curr 8.05266 swap 8.14297 best 8.05266
swap between best curr 7.99172 swap 8.05266 best 7.99172
swap between best curr 5.87735 swap 7.99172 best 5.87735
swap between best curr 5.75283 swap 5.87735 best 5.75283
swap between best curr 5.57747 swap 5.75283 best 5.57747
swap between best curr 5.37164 swap 5.57747 best 5.37164
swap between best curr 5.25543 swap 5.37164 best 5.25543
swap between best curr 5.06238 swap 5.25543 best 5.06238
swap between best curr 4.8221 swap 5.06238 best 4.8221
swap between best curr 4.28037 swap 4.8221 best 4.28037
swap between best curr 3.24513 swap 4.28037 best 3.24513
swap in good curr 3.87895 swap 9999 best 3.24513
swap between best curr 2.83636 swap 3.87895 best 2.83636
swap between best curr 2.34348 swap 2.83636 best 2.34348
swap between best curr 2.2224 swap 2.34348 best 2.2224
swap between best curr 1.10316 swap 2.2224 best 1.10316
totalE 700157.157837 extE 699993.000000 
totalE 700157.157837 extE 699993.000000 
totalE 700157.157837 extE 699993.000000 
totalE 700157.157837 extE 699993.000000 
totalE 700157.157837 extE 699993.000000 
totalE 700157.157837 extE 699993.000000 
totalE 700157.157837 extE 699993.000000 
totalE 700157.157837 extE 699993.000000 
totalE 10.284918 extE -1.957420 
totalE 10.874989 extE 0.701848 
totalE 10.284918 extE -1.957420 
best target energy 1.10316
The program has successfully finished in 1 seconds. :)  Bye-bye!
ramaprob initialise success 
transpoints initialise success with 236 transpoints 
grid box initialise succuss 75 51 65 
