found external potential parameters 1 
found external potential parameters 4 
setting constrained list file constrains
Building protein from sequence: ABCDEFGHIGKLMNGPQRSTGVWGYZ.
Building protein from sequence: ABCDEFGHIGKLMNGPQRSTGVWGYZ (26 amino acids, 1 chains).
ABCDEFGHIGKLMNGPQRSTGVWGYZ 26
Building protein from sequence: cyiqncy.
Building protein from sequence: cyiqncy (7 amino acids, 1 chains).
cyiqncy 7
AD Grid maps initialisation finished 
1marking constrained amino acids from file constrains
Constraining amino acids: 1
WARNING! Contact map file 'NULL' given, so no bias interactions will be calculated.
0 0 0 0 0 0 0  aaa 1 99999 
 aaa 2 99999 
 aaa 3 99999 
 aaa 4 99999 
 aaa 5 99999 
 aaa 6 99999 
 aaa 7 99999 
SS Energy diag offdiag 699993 99999 99999 99999 99999 99999 99999 99999 
699993 
0 125.518 
0 0.0229412 1.74684 
0 -0.632507 -0.221354 2.37683 
0 -0.00134536 -0.0364193 -0.210654 1.74718 
0 0 0 0.101169 -0.222697 1.78956 
0 0 0 -0.000120035 0.0903765 -0.221116 31.764 
0 0 0 0 -0.00019877 -0.0383381 -0.20525 0.718843 
initial transmutate ACYIQNCY 
transmutate!!! 144.634 124.432 108.566
transmutate!!! 144.634 124.432 108.566
begin run with pace 1 stretch 2500 
699993 99999 99999 99999 99999 99999 99999 99999 
699993 
0 125.518 
0 0.0229412 1.74684 
0 -0.632507 -0.221354 2.37683 
0 -0.00134536 -0.0364193 -0.210654 1.74718 
0 0 0 0.101169 -0.222697 1.78956 
0 0 0 -0.000120035 0.0903765 -0.221116 31.764 
0 0 0 0 -0.00019877 -0.0383381 -0.20525 0.718843 
creating MC move lookup table.
Sequence:    CYIQNCY
Fixed:              
Constrained: x      
Chain:       1111111
len 1 bonds, Nchains 1:*0 x1 x2 x3 x4 x5 x6 x7 8+0 != (8-1+(1-0)*1

len 2 bonds, Nchains 1:*0 x1 x2 x3 x4 x5 x6 7+0 != (8-1+(1-1)*1
-1 
len 3 bonds, Nchains 1:*0 x1 x2 x3 x4 x5 6+0 != (8-1+(1-2)*1
-1 -1 
len 4 bonds, Nchains 1:*0 x1 x2 x3 x4 5+0 != (8-1+(1-3)*1
-1 -1 -1 
swap in best curr 311.921 swap 9999 best 99999
swap in best curr 288.056 swap 9999 best 311.921
swap between best curr 278.951 swap 311.921 best 278.951
swap between best curr 264.884 swap 278.951 best 264.884
swap between best curr 253.686 swap 264.884 best 253.686
swap between best curr 232.236 swap 253.686 best 232.236
swap between best curr 222.464 swap 232.236 best 222.464
swap between best curr 221.647 swap 222.464 best 221.647
swap between best curr 219.259 swap 221.647 best 219.259
swap between best curr 178.402 swap 219.259 best 178.402
swap between best curr 160.594 swap 178.402 best 160.594
swap between best curr 157.297 swap 160.594 best 157.297
swap between best curr 156.815 swap 157.297 best 156.815
swap between best curr 156.482 swap 156.815 best 156.482
swap between best curr 156.366 swap 156.482 best 156.366
swap between best curr 152.919 swap 156.366 best 152.919
swap between best curr 135.401 swap 152.919 best 135.401
swap between best curr 128.098 swap 135.401 best 128.098
swap between best curr 118.821 swap 128.098 best 118.821
swap between best curr 116.277 swap 118.821 best 116.277
swap between best curr 110.05 swap 116.277 best 110.05
swap between best curr 102.614 swap 110.05 best 102.614
swap between best curr 95.5029 swap 102.614 best 95.5029
swap between best curr 91.015 swap 95.5029 best 91.015
swap between best curr 81.4208 swap 91.015 best 81.4208
swap between best curr 80.5736 swap 81.4208 best 80.5736
swap between best curr 78.9897 swap 80.5736 best 78.9897
swap between best curr 76.4197 swap 78.9897 best 76.4197
swap between best curr 75.2742 swap 76.4197 best 75.2742
swap between best curr 73.9602 swap 75.2742 best 73.9602
swap between best curr 73.0208 swap 73.9602 best 73.0208
swap between best curr 71.2206 swap 73.0208 best 71.2206
swap between best curr 70.7496 swap 71.2206 best 70.7496
swap between best curr 69.7376 swap 70.7496 best 69.7376
swap between best curr 69.1591 swap 69.7376 best 69.1591
swap between best curr 68.1993 swap 69.1591 best 68.1993
swap between best curr 66.8964 swap 68.1993 best 66.8964
swap between best curr 66.1318 swap 66.8964 best 66.1318
swap between best curr 66.0507 swap 66.1318 best 66.0507
swap between best curr 66.0434 swap 66.0507 best 66.0434
swap between best curr 63.8283 swap 66.0434 best 63.8283
swap between best curr 61.6451 swap 63.8283 best 61.6451
swap between best curr 61.2591 swap 61.6451 best 61.2591
swap between best curr 60.8012 swap 61.2591 best 60.8012
swap between best curr 59.3679 swap 60.8012 best 59.3679
swap between best curr 58.5333 swap 59.3679 best 58.5333
swap between best curr 54.588 swap 58.5333 best 54.588
swap between best curr 53.8739 swap 54.588 best 53.8739
swap between best curr 52.8699 swap 53.8739 best 52.8699
swap between best curr 47.3908 swap 52.8699 best 47.3908
swap between best curr 42.909 swap 47.3908 best 42.909
swap between best curr 41.6561 swap 42.909 best 41.6561
swap between best curr 41.3377 swap 41.6561 best 41.3377
swap between best curr 40.6489 swap 41.3377 best 40.6489
swap in good curr 44.5803 swap 9999 best 40.6489
swap between good curr 44.1108 swap 44.5803 best 40.6489
swap between good curr 42.305 swap 44.1108 best 40.6489
swap between best curr 39.5263 swap 42.305 best 39.5263
swap between best curr 31.3791 swap 39.5263 best 31.3791
swap between best curr 30.9884 swap 31.3791 best 30.9884
swap between best curr 30.251 swap 30.9884 best 30.251
swap between best curr 22.2314 swap 30.251 best 22.2314
swap between best curr 15.9306 swap 22.2314 best 15.9306
swap between best curr 13.6698 swap 15.9306 best 13.6698
swap between best curr 12.3104 swap 13.6698 best 12.3104
swap between best curr 10.0512 swap 12.3104 best 10.0512
swap between best curr 9.97752 swap 10.0512 best 9.97752
swap between best curr 9.85559 swap 9.97752 best 9.85559
swap between best curr 9.78465 swap 9.85559 best 9.78465
swap between best curr 9.08019 swap 9.78465 best 9.08019
swap between best curr 6.49306 swap 9.08019 best 6.49306
swap between best curr 4.02374 swap 6.49306 best 4.02374
swap between best curr 3.959 swap 4.02374 best 3.959
swap between best curr 3.53305 swap 3.959 best 3.53305
swap between best curr 3.39277 swap 3.53305 best 3.39277
swap between best curr 3.15452 swap 3.39277 best 3.15452
swap between best curr 3.04856 swap 3.15452 best 3.04856
swap between best curr 3.02506 swap 3.04856 best 3.02506
swap between best curr 2.1667 swap 3.02506 best 2.1667
swap between best curr 2.06095 swap 2.1667 best 2.06095
swap between best curr 1.76309 swap 2.06095 best 1.76309
swap between best curr 1.72702 swap 1.76309 best 1.72702
swap between best curr 1.57496 swap 1.72702 best 1.57496
swap between best curr 1.43031 swap 1.57496 best 1.43031
swap between best curr 1.37798 swap 1.43031 best 1.37798
swap between best curr 1.31906 swap 1.37798 best 1.31906
swap between best curr 1.24231 swap 1.31906 best 1.24231
swap between best curr 1.05253 swap 1.24231 best 1.05253
swap between best curr 0.384971 swap 1.05253 best 0.384971
swap in good curr 3.37693 swap 9999 best 0.384971
swap between good curr 2.4083 swap 3.37693 best 0.384971
swap between good curr 1.08977 swap 2.4083 best 0.384971
swap between good curr 0.798936 swap 1.08977 best 0.384971
totalE 700157.086233 extE 699993.000000 
totalE 700157.086233 extE 699993.000000 
totalE 700157.086233 extE 699993.000000 
totalE 700157.086233 extE 699993.000000 
totalE 700157.086233 extE 699993.000000 
totalE 700157.086233 extE 699993.000000 
totalE 700157.086233 extE 699993.000000 
totalE 10.348648 extE -2.384301 
totalE 10.917746 extE -3.125955 
totalE 55.206773 extE 35.796275 
totalE 10.917746 extE -3.125955 
best target energy 0.384971
The program has successfully finished in 1 seconds. :)  Bye-bye!
ramaprob initialise success 
transpoints initialise success with 236 transpoints 
grid box initialise succuss 75 51 65 
