found external potential parameters 1 
found external potential parameters 4 
setting constrained list file constrains
Building protein from sequence: ABCDEFGHIGKLMNGPQRSTGVWGYZ.
Building protein from sequence: ABCDEFGHIGKLMNGPQRSTGVWGYZ (26 amino acids, 1 chains).
ABCDEFGHIGKLMNGPQRSTGVWGYZ 26
Building protein from sequence: cyiqnci.
Building protein from sequence: cyiqnci (7 amino acids, 1 chains).
cyiqnci 7
AD Grid maps initialisation finished 
1marking constrained amino acids from file constrains
Constraining amino acids: 1
WARNING! Contact map file 'NULL' given, so no bias interactions will be calculated.
0 0 0 0 0 0 0  aaa 1 99999 
 aaa 2 99999 
 aaa 3 99999 
 aaa 4 99999 
 aaa 5 99999 
 aaa 6 99999 
 aaa 7 99999 
SS Energy diag offdiag 699993 99999 99999 99999 99999 99999 99999 99999 
699993 
0 125.518 
0 0.0229411 1.74684 
0 -0.632507 -0.221354 2.37683 
0 -0.00148319 -0.0550218 -0.245122 1.74664 
0 0 0 0.101169 -0.193345 1.78956 
0 0 0 -0.000120036 -0.0612963 -0.221115 31.764 
0 0 0 0 0 0.109937 -0.266184 1.34883 
initial transmutate ACYIQNCI 
transmutate!!! 138.634 116.432 99.566
transmutate!!! 138.634 116.432 99.566
begin run with pace 1 stretch 2500 
699993 99999 99999 99999 99999 99999 99999 99999 
699993 
0 125.518 
0 0.0229411 1.74684 
0 -0.632507 -0.221354 2.37683 
0 -0.00148319 -0.0550218 -0.245122 1.74664 
0 0 0 0.101169 -0.193345 1.78956 
0 0 0 -0.000120036 -0.0612963 -0.221115 31.764 
0 0 0 0 0 0.109937 -0.266184 1.34883 
creating MC move lookup table.
Sequence:    CYIQNCI
Fixed:              
Constrained: x      
Chain:       1111111
len 1 bonds, Nchains 1:*0 x1 x2 x3 x4 x5 x6 x7 8+0 != (8-1+(1-0)*1

len 2 bonds, Nchains 1:*0 x1 x2 x3 x4 x5 x6 7+0 != (8-1+(1-1)*1
-1 
len 3 bonds, Nchains 1:*0 x1 x2 x3 x4 x5 6+0 != (8-1+(1-2)*1
-1 -1 
len 4 bonds, Nchains 1:*0 x1 x2 x3 x4 5+0 != (8-1+(1-3)*1
-1 -1 -1 
swap in best curr 269.906 swap 9999 best 99999
swap in best curr 252.05 swap 9999 best 269.906
swap between best curr 249.314 swap 269.906 best 249.314
swap between best curr 249.084 swap 249.314 best 249.084
swap between best curr 191.579 swap 249.084 best 191.579
swap between best curr 173.928 swap 191.579 best 173.928
swap between best curr 162.737 swap 173.928 best 162.737
swap between best curr 154.566 swap 162.737 best 154.566
swap between best curr 144.945 swap 154.566 best 144.945
swap between best curr 138.186 swap 144.945 best 138.186
swap between best curr 133.581 swap 138.186 best 133.581
swap between best curr 128.571 swap 133.581 best 128.571
swap between best curr 128.191 swap 128.571 best 128.191
swap between best curr 112.731 swap 128.191 best 112.731
swap between best curr 111.506 swap 112.731 best 111.506
swap between best curr 109.873 swap 111.506 best 109.873
swap between best curr 74.5414 swap 109.873 best 74.5414
swap between best curr 51.7251 swap 74.5414 best 51.7251
swap between best curr 51.2078 swap 51.7251 best 51.2078
swap between best curr 51.0578 swap 51.2078 best 51.0578
swap between best curr 50.9524 swap 51.0578 best 50.9524
swap between best curr 47.9387 swap 50.9524 best 47.9387
swap between best curr 47.7306 swap 47.9387 best 47.7306
swap between best curr 41.8562 swap 47.7306 best 41.8562
swap between best curr 41.4126 swap 41.8562 best 41.4126
swap between best curr 41.209 swap 41.4126 best 41.209
swap between best curr 40.5057 swap 41.209 best 40.5057
swap between best curr 40.4245 swap 40.5057 best 40.4245
swap between best curr 33.1657 swap 40.4245 best 33.1657
swap between best curr 33.006 swap 33.1657 best 33.006
swap between best curr 32.8836 swap 33.006 best 32.8836
swap between best curr 31.9062 swap 32.8836 best 31.9062
swap between best curr 30.7201 swap 31.9062 best 30.7201
swap between best curr 27.758 swap 30.7201 best 27.758
swap between best curr 24.5329 swap 27.758 best 24.5329
swap between best curr 23.3826 swap 24.5329 best 23.3826
swap between best curr 22.863 swap 23.3826 best 22.863
swap between best curr 20.343 swap 22.863 best 20.343
swap between best curr 20.064 swap 20.343 best 20.064
swap between best curr 19.9657 swap 20.064 best 19.9657
swap between best curr 19.7463 swap 19.9657 best 19.7463
swap between best curr 19.6308 swap 19.7463 best 19.6308
swap between best curr 18.4254 swap 19.6308 best 18.4254
swap between best curr 18.1882 swap 18.4254 best 18.1882
swap between best curr 17.5229 swap 18.1882 best 17.5229
swap between best curr 17.5032 swap 17.5229 best 17.5032
swap between best curr 17.0975 swap 17.5032 best 17.0975
swap between best curr 16.003 swap 17.0975 best 16.003
swap between best curr 15.7847 swap 16.003 best 15.7847
swap between best curr 15.7568 swap 15.7847 best 15.7568
swap between best curr 15.7339 swap 15.7568 best 15.7339
swap between best curr 14.5402 swap 15.7339 best 14.5402
swap between best curr 12.1725 swap 14.5402 best 12.1725
swap between best curr 10.1261 swap 12.1725 best 10.1261
swap between best curr 10.0568 swap 10.1261 best 10.0568
swap between best curr 10.0207 swap 10.0568 best 10.0207
swap between best curr 8.35757 swap 10.0207 best 8.35757
swap between best curr 7.2083 swap 8.35757 best 7.2083
swap between best curr 6.9554 swap 7.2083 best 6.9554
swap between best curr 6.1538 swap 6.9554 best 6.1538
swap between best curr 5.81537 swap 6.1538 best 5.81537
swap between best curr 5.59356 swap 5.81537 best 5.59356
swap between best curr 5.4117 swap 5.59356 best 5.4117
swap in best curr -1.51511 swap 9999 best 5.4117
totalE 35.871019 extE -13.977159 
swap in best curr -2.86376 swap 9999 best -1.51511
totalE 24.133271 extE -11.862775 
swap between good curr -2.54219 swap -1.51511 best -2.86376
swap between best curr -6.30588 swap -2.54219 best -6.30588
totalE 22.828079 extE -16.017193 
swap between best curr -8.15681 swap -6.30588 best -8.15681
totalE 18.442413 extE -17.023218 
swap in good curr -4.50298 swap 9999 best -8.15681
swap between good curr -5.09576 swap -4.50298 best -8.15681
swap between good curr -5.5437 swap -5.09576 best -8.15681
swap between good curr -5.69124 swap -5.5437 best -8.15681
swap between best curr -9.75818 swap -5.69124 best -9.75818
totalE 10.623259 extE -16.551998 
swap between best curr -9.82773 swap -9.75818 best -9.82773
totalE 10.565100 extE -16.625338 
swap between best curr -9.97526 swap -9.82773 best -9.97526
totalE 10.417566 extE -16.772872 
swap between best curr -10.8087 swap -9.97526 best -10.8087
totalE 7.111678 extE -16.782111 
swap between best curr -10.955 swap -10.8087 best -10.955
totalE 6.559399 extE -16.793119 
swap between best curr -11.2375 swap -10.955 best -11.2375
totalE 6.276937 extE -17.075582 
swap between best curr -11.3811 swap -11.2375 best -11.3811
totalE 5.110450 extE -16.878310 
swap between best curr -11.4743 swap -11.3811 best -11.4743
totalE 2.653913 extE -16.183669 
swap between best curr -11.5262 swap -11.4743 best -11.5262
totalE 1.873424 extE -15.992771 
swap between best curr -11.589 swap -11.5262 best -11.589
totalE 1.810672 extE -16.055523 
swap between best curr -11.9715 swap -11.589 best -11.9715
totalE 1.335703 extE -16.407285 
swap between best curr -12.4382 swap -11.9715 best -12.4382
totalE 0.869012 extE -16.873976 
swap between best curr -12.5541 swap -12.4382 best -12.5541
totalE 1.872731 extE -17.363041 
swap between best curr -12.7479 swap -12.5541 best -12.7479
totalE 1.867727 extE -17.619772 
swap in good curr -11.745 swap 9999 best -12.7479
swap between good curr -11.9091 swap -11.745 best -12.7479
swap between good curr -12.3975 swap -11.9091 best -12.7479
swap between good curr -12.4481 swap -12.3975 best -12.7479
swap between good curr -12.6962 swap -12.4481 best -12.7479
swap between best curr -13.6723 swap -12.6962 best -13.6723
totalE -0.835980 extE -17.951081 
swap between best curr -14.0347 swap -13.6723 best -14.0347
totalE -1.415523 extE -18.241135 
swap between best curr -14.4627 swap -14.0347 best -14.4627
totalE -1.843531 extE -18.669144 
swap between best curr -15.0073 swap -14.4627 best -15.0073
totalE 0.732701 extE -20.253914 
swap between best curr -15.0267 swap -15.0073 best -15.0267
totalE 0.755446 extE -20.287376 
swap between best curr -15.628 swap -15.0267 best -15.628
totalE -0.401123 extE -20.703572 
swap between best curr -15.774 swap -15.628 best -15.774
totalE -0.951471 extE -20.714908 
swap between best curr -15.7826 swap -15.774 best -15.7826
totalE -0.960336 extE -20.723413 
swap between best curr -15.9926 swap -15.7826 best -15.9926
totalE -2.358925 extE -20.537213 
totalE 700157.627689 extE 699993.000000 
totalE 700157.627689 extE 699993.000000 
totalE 700157.627689 extE 699993.000000 
totalE 700157.627689 extE 699993.000000 
totalE 700157.627689 extE 699993.000000 
totalE -2.358925 extE -20.537213 
totalE 1.867727 extE -17.619772 
totalE 18.442413 extE -17.023218 
totalE 25.939076 extE -1.430757 
totalE 25.939076 extE -1.430757 
totalE -2.358925 extE -20.537213 
best target energy -15.9926
The program has successfully finished in 1 seconds. :)  Bye-bye!
ramaprob initialise success 
transpoints initialise success with 236 transpoints 
grid box initialise succuss 75 51 65 
