found external potential parameters 1 
found external potential parameters 4 
setting constrained list file constrains
Building protein from sequence: ABCDEFGHIGKLMNGPQRSTGVWGYZ.
Building protein from sequence: ABCDEFGHIGKLMNGPQRSTGVWGYZ (26 amino acids, 1 chains).
ABCDEFGHIGKLMNGPQRSTGVWGYZ 26
Building protein from sequence: cyiqncf.
Building protein from sequence: cyiqncf (7 amino acids, 1 chains).
cyiqncf 7
AD Grid maps initialisation finished 
1marking constrained amino acids from file constrains
Constraining amino acids: 1
WARNING! Contact map file 'NULL' given, so no bias interactions will be calculated.
0 0 0 0 0 0 0  aaa 1 99999 
 aaa 2 99999 
 aaa 3 99999 
 aaa 4 99999 
 aaa 5 99999 
 aaa 6 99999 
 aaa 7 99999 
SS Energy diag offdiag 699993 99999 99999 99999 99999 99999 99999 99999 
699993 
0 125.518 
0 0.0229412 1.74684 
0 -0.632507 -0.221354 2.37683 
0 -0.00134536 -0.0364536 -0.20872 1.75737 
0 0 0 0.101169 -0.202965 1.78956 
0 0 0 -0.000120035 0.12879 -0.221116 31.764 
0 0 0 0 0 0.160201 -0.20969 0.725459 
initial transmutate ACYIQNCF 
transmutate!!! 146.634 112.432 112.566
transmutate!!! 146.634 112.432 112.566
begin run with pace 1 stretch 2500 
699993 99999 99999 99999 99999 99999 99999 99999 
699993 
0 125.518 
0 0.0229412 1.74684 
0 -0.632507 -0.221354 2.37683 
0 -0.00134536 -0.0364536 -0.20872 1.75737 
0 0 0 0.101169 -0.202965 1.78956 
0 0 0 -0.000120035 0.12879 -0.221116 31.764 
0 0 0 0 0 0.160201 -0.20969 0.725459 
creating MC move lookup table.
Sequence:    CYIQNCF
Fixed:              
Constrained: x      
Chain:       1111111
len 1 bonds, Nchains 1:*0 x1 x2 x3 x4 x5 x6 x7 8+0 != (8-1+(1-0)*1

len 2 bonds, Nchains 1:*0 x1 x2 x3 x4 x5 x6 7+0 != (8-1+(1-1)*1
-1 
len 3 bonds, Nchains 1:*0 x1 x2 x3 x4 x5 6+0 != (8-1+(1-2)*1
-1 -1 
len 4 bonds, Nchains 1:*0 x1 x2 x3 x4 5+0 != (8-1+(1-3)*1
-1 -1 -1 
swap in best curr 236.928 swap 9999 best 99999
swap in best curr 236.198 swap 9999 best 236.928
swap between best curr 221.939 swap 236.928 best 221.939
swap between best curr 215.458 swap 221.939 best 215.458
swap between best curr 182.812 swap 215.458 best 182.812
swap between best curr 180.785 swap 182.812 best 180.785
swap between best curr 132.795 swap 180.785 best 132.795
swap between best curr 124.848 swap 132.795 best 124.848
swap between best curr 120.917 swap 124.848 best 120.917
swap between best curr 118.878 swap 120.917 best 118.878
swap between best curr 117.672 swap 118.878 best 117.672
swap between best curr 116.198 swap 117.672 best 116.198
swap between best curr 115.964 swap 116.198 best 115.964
swap between best curr 114.257 swap 115.964 best 114.257
swap between best curr 108.25 swap 114.257 best 108.25
swap between best curr 106.512 swap 108.25 best 106.512
swap between best curr 104.098 swap 106.512 best 104.098
swap between best curr 101.083 swap 104.098 best 101.083
swap between best curr 99.5137 swap 101.083 best 99.5137
swap between best curr 93.3354 swap 99.5137 best 93.3354
swap between best curr 88.8905 swap 93.3354 best 88.8905
swap between best curr 88.2612 swap 88.8905 best 88.2612
swap between best curr 87.571 swap 88.2612 best 87.571
swap between best curr 86.0618 swap 87.571 best 86.0618
swap between best curr 85.4788 swap 86.0618 best 85.4788
swap between best curr 81.5135 swap 85.4788 best 81.5135
swap between best curr 79.9648 swap 81.5135 best 79.9648
swap between best curr 79.8457 swap 79.9648 best 79.8457
swap between best curr 75.668 swap 79.8457 best 75.668
swap between best curr 66.037 swap 75.668 best 66.037
swap between best curr 64.9156 swap 66.037 best 64.9156
swap between best curr 64.1495 swap 64.9156 best 64.1495
swap between best curr 61.3764 swap 64.1495 best 61.3764
swap between best curr 59.63 swap 61.3764 best 59.63
swap between best curr 59.5775 swap 59.63 best 59.5775
swap between best curr 58.5192 swap 59.5775 best 58.5192
swap between best curr 56.619 swap 58.5192 best 56.619
swap between best curr 55.2261 swap 56.619 best 55.2261
swap between best curr 53.8598 swap 55.2261 best 53.8598
swap between best curr 53.8301 swap 53.8598 best 53.8301
swap between best curr 53.3527 swap 53.8301 best 53.3527
swap between best curr 50.0969 swap 53.3527 best 50.0969
swap between best curr 45.535 swap 50.0969 best 45.535
swap between best curr 41.8789 swap 45.535 best 41.8789
swap between best curr 39.1358 swap 41.8789 best 39.1358
swap between best curr 39.0969 swap 39.1358 best 39.0969
swap between best curr 38.8709 swap 39.0969 best 38.8709
swap between best curr 38.7113 swap 38.8709 best 38.7113
swap between best curr 37.6687 swap 38.7113 best 37.6687
swap between best curr 37.1116 swap 37.6687 best 37.1116
swap in best curr 32.2634 swap 9999 best 37.1116
swap in best curr 30.9854 swap 9999 best 32.2634
swap between best curr 30.5364 swap 32.2634 best 30.5364
swap between best curr 28.3986 swap 30.5364 best 28.3986
swap between best curr 27.1981 swap 28.3986 best 27.1981
swap between best curr 26.4092 swap 27.1981 best 26.4092
swap between best curr 26.3763 swap 26.4092 best 26.3763
swap between best curr 25.5108 swap 26.3763 best 25.5108
swap between best curr 25.1316 swap 25.5108 best 25.1316
swap between best curr 24.8223 swap 25.1316 best 24.8223
swap between best curr 23.643 swap 24.8223 best 23.643
swap between best curr 23.0173 swap 23.643 best 23.0173
swap between best curr 22.7092 swap 23.0173 best 22.7092
swap between best curr 22.4257 swap 22.7092 best 22.4257
swap between best curr 22.1752 swap 22.4257 best 22.1752
swap between best curr 20.9016 swap 22.1752 best 20.9016
swap between best curr 19.1437 swap 20.9016 best 19.1437
swap between best curr 16.5075 swap 19.1437 best 16.5075
swap between best curr 14.1559 swap 16.5075 best 14.1559
swap between best curr 13.8034 swap 14.1559 best 13.8034
swap between best curr 13.6369 swap 13.8034 best 13.6369
swap between best curr 12.9552 swap 13.6369 best 12.9552
swap between best curr 12.6139 swap 12.9552 best 12.6139
totalE 700157.357374 extE 699993.000000 
totalE 700157.357374 extE 699993.000000 
totalE 700157.357374 extE 699993.000000 
totalE 700157.357374 extE 699993.000000 
totalE 700157.357374 extE 699993.000000 
totalE 700157.357374 extE 699993.000000 
totalE 700157.357374 extE 699993.000000 
totalE 21.823124 extE 9.544096 
totalE 61.690048 extE 28.918733 
totalE 61.690048 extE 28.918733 
totalE 21.823124 extE 9.544096 
best target energy 12.6139
The program has successfully finished in 1 seconds. :)  Bye-bye!
ramaprob initialise success 
transpoints initialise success with 236 transpoints 
grid box initialise succuss 75 51 65 
