found external potential parameters 1 
found external potential parameters 4 
setting constrained list file constrains
Building protein from sequence: ABCDEFGHIGKLMNGPQRSTGVWGYZ.
Building protein from sequence: ABCDEFGHIGKLMNGPQRSTGVWGYZ (26 amino acids, 1 chains).
ABCDEFGHIGKLMNGPQRSTGVWGYZ 26
Building protein from sequence: cyiqncg.
Building protein from sequence: cyiqncg (7 amino acids, 1 chains).
cyiqncg 7
AD Grid maps initialisation finished 
1marking constrained amino acids from file constrains
Constraining amino acids: 1
WARNING! Contact map file 'NULL' given, so no bias interactions will be calculated.
0 0 0 0 0 0 0  aaa 1 99999 
 aaa 2 99999 
 aaa 3 99999 
 aaa 4 99999 
 aaa 5 99999 
 aaa 6 99999 
 aaa 7 99999 
SS Energy diag offdiag 699993 99999 99999 99999 99999 99999 99999 99999 
699993 
0 125.518 
0 0.0229412 1.74684 
0 -0.632507 -0.221354 2.37683 
0 -0.00134536 -0.0459181 -0.221605 1.76043 
0 0 0 0.101169 -0.189694 1.78956 
0 0 0 -0.000120035 -0.0601842 -0.221116 31.764 
0 0 0 0 0 -0.029684 -0.15244 0.736033 
initial transmutate ACYIQNCG 
transmutate!!! 135.634 124.432 108.566
transmutate!!! 135.634 124.432 108.566
begin run with pace 1 stretch 2500 
699993 99999 99999 99999 99999 99999 99999 99999 
699993 
0 125.518 
0 0.0229412 1.74684 
0 -0.632507 -0.221354 2.37683 
0 -0.00134536 -0.0459181 -0.221605 1.76043 
0 0 0 0.101169 -0.189694 1.78956 
0 0 0 -0.000120035 -0.0601842 -0.221116 31.764 
0 0 0 0 0 -0.029684 -0.15244 0.736033 
creating MC move lookup table.
Sequence:    CYIQNCG
Fixed:              
Constrained: x      
Chain:       1111111
len 1 bonds, Nchains 1:*0 x1 x2 x3 x4 x5 x6 x7 8+0 != (8-1+(1-0)*1

len 2 bonds, Nchains 1:*0 x1 x2 x3 x4 x5 x6 7+0 != (8-1+(1-1)*1
-1 
len 3 bonds, Nchains 1:*0 x1 x2 x3 x4 x5 6+0 != (8-1+(1-2)*1
-1 -1 
len 4 bonds, Nchains 1:*0 x1 x2 x3 x4 5+0 != (8-1+(1-3)*1
-1 -1 -1 
swap in best curr 226.771 swap 9999 best 99999
swap in best curr 205.59 swap 9999 best 226.771
swap between best curr 174.173 swap 226.771 best 174.173
swap between best curr 166.435 swap 174.173 best 166.435
swap between best curr 155.66 swap 166.435 best 155.66
swap between best curr 143.937 swap 155.66 best 143.937
swap between best curr 142.125 swap 143.937 best 142.125
swap between best curr 141.168 swap 142.125 best 141.168
swap between best curr 133.293 swap 141.168 best 133.293
swap between best curr 129.243 swap 133.293 best 129.243
swap between best curr 118.638 swap 129.243 best 118.638
swap between best curr 112.665 swap 118.638 best 112.665
swap between best curr 107.404 swap 112.665 best 107.404
swap between best curr 92.4762 swap 107.404 best 92.4762
swap between best curr 80.5121 swap 92.4762 best 80.5121
swap between best curr 76.9149 swap 80.5121 best 76.9149
swap between best curr 76.0758 swap 76.9149 best 76.0758
swap in good curr 79.3959 swap 9999 best 76.0758
swap between good curr 78.0848 swap 79.3959 best 76.0758
swap between good curr 78.0393 swap 78.0848 best 76.0758
swap between best curr 66.5015 swap 78.0393 best 66.5015
swap between best curr 65.1553 swap 66.5015 best 65.1553
swap between best curr 64.5608 swap 65.1553 best 64.5608
swap between best curr 64 swap 64.5608 best 64
swap between best curr 59.2577 swap 64 best 59.2577
swap between best curr 57.8161 swap 59.2577 best 57.8161
swap between best curr 39.5359 swap 57.8161 best 39.5359
swap between best curr 39.4904 swap 39.5359 best 39.4904
swap in best curr 29.748 swap 9999 best 39.4904
swap in best curr 26.0557 swap 9999 best 29.748
swap between best curr 23.2173 swap 29.748 best 23.2173
swap between best curr 23.0201 swap 23.2173 best 23.0201
swap between best curr 21.9884 swap 23.0201 best 21.9884
swap between best curr 21.5109 swap 21.9884 best 21.5109
swap between best curr 17.4834 swap 21.5109 best 17.4834
swap between best curr 16.947 swap 17.4834 best 16.947
swap between best curr 15.456 swap 16.947 best 15.456
swap between best curr 12.1329 swap 15.456 best 12.1329
swap between best curr 9.78865 swap 12.1329 best 9.78865
swap between best curr 9.38438 swap 9.78865 best 9.38438
swap between best curr 9.0875 swap 9.38438 best 9.0875
swap between best curr 8.87165 swap 9.0875 best 8.87165
swap between best curr 7.97035 swap 8.87165 best 7.97035
swap between best curr 7.5866 swap 7.97035 best 7.5866
swap between best curr 7.3388 swap 7.5866 best 7.3388
swap between best curr 6.22358 swap 7.3388 best 6.22358
swap between best curr 5.98224 swap 6.22358 best 5.98224
swap between best curr 5.65425 swap 5.98224 best 5.65425
swap between best curr 4.63641 swap 5.65425 best 4.63641
swap between best curr 3.99687 swap 4.63641 best 3.99687
swap between best curr 3.74208 swap 3.99687 best 3.74208
swap between best curr 3.37868 swap 3.74208 best 3.37868
swap between best curr 0.282279 swap 3.37868 best 0.282279
swap between best curr 0.0766028 swap 0.282279 best 0.0766028
swap between best curr -0.255445 swap 0.0766028 best -0.255445
totalE 27.218346 extE -9.413375 
swap between best curr -0.632023 swap -0.255445 best -0.632023
totalE 22.828292 extE -8.452129 
swap between best curr -1.01902 swap -0.632023 best -1.01902
totalE 22.499392 extE -8.858492 
swap between best curr -1.62738 swap -1.01902 best -1.62738
totalE 21.891032 extE -9.466852 
swap between best curr -1.93157 swap -1.62738 best -1.93157
totalE 21.474913 extE -9.733734 
swap between best curr -2.33191 swap -1.93157 best -2.33191
totalE 21.094624 extE -10.140758 
swap between best curr -2.63431 swap -2.33191 best -2.63431
totalE 20.837859 extE -10.458365 
swap between best curr -2.74732 swap -2.63431 best -2.74732
totalE 20.513903 extE -10.501065 
swap between best curr -3.24376 swap -2.74732 best -3.24376
totalE 20.017463 extE -10.997505 
swap between best curr -3.34074 swap -3.24376 best -3.34074
totalE 19.512407 extE -10.958449 
swap between best curr -3.68514 swap -3.34074 best -3.68514
totalE 19.170097 extE -11.303558 
swap between best curr -4.48188 swap -3.68514 best -4.48188
totalE 12.584224 extE -10.170588 
swap between best curr -4.76896 swap -4.48188 best -4.76896
totalE 10.165929 extE -9.747262 
swap between best curr -6.36895 swap -4.76896 best -6.36895
totalE 8.891518 extE -11.455768 
swap between best curr -6.58985 swap -6.36895 best -6.58985
totalE 8.663338 extE -11.674249 
swap between best curr -6.96255 swap -6.58985 best -6.96255
totalE 7.748847 extE -11.866351 
swap between best curr -7.12069 swap -6.96255 best -7.12069
totalE 7.678073 extE -12.053608 
swap between best curr -7.57705 swap -7.12069 best -7.57705
totalE 7.300173 extE -12.536127 
swap between best curr -7.64831 swap -7.57705 best -7.64831
totalE 5.380520 extE -11.991252 
swap between best curr -7.84412 swap -7.64831 best -7.84412
totalE 4.980975 extE -12.119152 
swap between best curr -8.0471 swap -7.84412 best -8.0471
totalE 5.329003 extE -12.505800 
swap between best curr -8.25721 swap -8.0471 best -8.25721
totalE 4.111057 extE -12.379971 
swap in good curr -6.9918 swap 9999 best -8.25721
swap between good curr -7.02522 swap -6.9918 best -8.25721
swap between good curr -7.09947 swap -7.02522 best -8.25721
swap between good curr -7.21459 swap -7.09947 best -8.25721
swap between good curr -7.27053 swap -7.21459 best -8.25721
swap between best curr -8.49726 swap -7.27053 best -8.49726
totalE 5.329142 extE -13.106062 
swap between best curr -8.70437 swap -8.49726 best -8.70437
totalE 3.840007 extE -12.885830 
totalE 700157.040321 extE 699993.000000 
totalE 700157.040321 extE 699993.000000 
totalE 700157.040321 extE 699993.000000 
totalE 700157.040321 extE 699993.000000 
totalE 700157.040321 extE 699993.000000 
totalE 3.840007 extE -12.885830 
totalE 4.111057 extE -12.379971 
totalE 69.140645 extE 29.606929 
totalE 69.140645 extE 29.606929 
totalE 201.571062 extE 34.244051 
totalE 3.840007 extE -12.885830 
best target energy -8.70437
The program has successfully finished in 1 seconds. :)  Bye-bye!
ramaprob initialise success 
transpoints initialise success with 236 transpoints 
grid box initialise succuss 75 51 65 
