found external potential parameters 1 
found external potential parameters 4 
setting constrained list file constrains
Building protein from sequence: ABCDEFGHIGKLMNGPQRSTGVWGYZ.
Building protein from sequence: ABCDEFGHIGKLMNGPQRSTGVWGYZ (26 amino acids, 1 chains).
ABCDEFGHIGKLMNGPQRSTGVWGYZ 26
Building protein from sequence: cyiqncg.
Building protein from sequence: cyiqncg (7 amino acids, 1 chains).
cyiqncg 7
AD Grid maps initialisation finished 
1marking constrained amino acids from file constrains
Constraining amino acids: 1
WARNING! Contact map file 'NULL' given, so no bias interactions will be calculated.
0 0 0 0 0 0 0  aaa 1 99999 
 aaa 2 99999 
 aaa 3 99999 
 aaa 4 99999 
 aaa 5 99999 
 aaa 6 99999 
 aaa 7 99999 
SS Energy diag offdiag 699993 99999 99999 99999 99999 99999 99999 99999 
699993 
0 125.518 
0 0.0229411 1.74684 
0 -0.632507 -0.221354 2.37683 
0 -0.00134536 -0.0364193 -0.20991 1.74751 
0 0 0 0.101169 -0.241021 1.78956 
0 0 0 -0.000120036 0.0727096 -0.221115 31.764 
0 0 0 0 -0.000186215 -0.029684 -0.15244 0.736033 
initial transmutate ACYIQNCG 
transmutate!!! 142.634 112.432 110.566
transmutate!!! 142.634 112.432 110.566
begin run with pace 1 stretch 2500 
699993 99999 99999 99999 99999 99999 99999 99999 
699993 
0 125.518 
0 0.0229411 1.74684 
0 -0.632507 -0.221354 2.37683 
0 -0.00134536 -0.0364193 -0.20991 1.74751 
0 0 0 0.101169 -0.241021 1.78956 
0 0 0 -0.000120036 0.0727096 -0.221115 31.764 
0 0 0 0 -0.000186215 -0.029684 -0.15244 0.736033 
creating MC move lookup table.
Sequence:    CYIQNCG
Fixed:              
Constrained: x      
Chain:       1111111
len 1 bonds, Nchains 1:*0 x1 x2 x3 x4 x5 x6 x7 8+0 != (8-1+(1-0)*1

len 2 bonds, Nchains 1:*0 x1 x2 x3 x4 x5 x6 7+0 != (8-1+(1-1)*1
-1 
len 3 bonds, Nchains 1:*0 x1 x2 x3 x4 x5 6+0 != (8-1+(1-2)*1
-1 -1 
len 4 bonds, Nchains 1:*0 x1 x2 x3 x4 5+0 != (8-1+(1-3)*1
-1 -1 -1 
swap in best curr 311.285 swap 9999 best 99999
swap in best curr 295.36 swap 9999 best 311.285
swap between best curr 291.02 swap 311.285 best 291.02
swap between best curr 268.156 swap 291.02 best 268.156
swap between best curr 258.643 swap 268.156 best 258.643
swap between best curr 258.17 swap 258.643 best 258.17
swap between best curr 251.917 swap 258.17 best 251.917
swap between best curr 251.781 swap 251.917 best 251.781
swap between best curr 247.523 swap 251.781 best 247.523
swap between best curr 240.205 swap 247.523 best 240.205
swap between best curr 238.499 swap 240.205 best 238.499
swap between best curr 238.471 swap 238.499 best 238.471
swap between best curr 229.124 swap 238.471 best 229.124
swap between best curr 229.046 swap 229.124 best 229.046
swap between best curr 221.138 swap 229.046 best 221.138
swap between best curr 220.278 swap 221.138 best 220.278
swap between best curr 220.107 swap 220.278 best 220.107
swap between best curr 219.258 swap 220.107 best 219.258
swap between best curr 218.719 swap 219.258 best 218.719
swap between best curr 207.681 swap 218.719 best 207.681
swap between best curr 194.117 swap 207.681 best 194.117
swap between best curr 193.785 swap 194.117 best 193.785
swap between best curr 185.496 swap 193.785 best 185.496
swap between best curr 176.38 swap 185.496 best 176.38
swap between best curr 162.855 swap 176.38 best 162.855
swap between best curr 160.987 swap 162.855 best 160.987
swap between best curr 160.787 swap 160.987 best 160.787
swap between best curr 160.272 swap 160.787 best 160.272
swap between best curr 160.13 swap 160.272 best 160.13
swap between best curr 122.428 swap 160.13 best 122.428
swap between best curr 117.905 swap 122.428 best 117.905
swap between best curr 65.5594 swap 117.905 best 65.5594
swap between best curr 63.0984 swap 65.5594 best 63.0984
swap between best curr 61.7753 swap 63.0984 best 61.7753
swap between best curr 58.5212 swap 61.7753 best 58.5212
swap in best curr 54.9956 swap 9999 best 58.5212
swap in best curr 47.0258 swap 9999 best 54.9956
swap between best curr 45.5105 swap 54.9956 best 45.5105
swap between best curr 43.8388 swap 45.5105 best 43.8388
swap between best curr 30.0313 swap 43.8388 best 30.0313
swap between best curr 29.9776 swap 30.0313 best 29.9776
swap between best curr 28.8904 swap 29.9776 best 28.8904
swap between best curr 27.7359 swap 28.8904 best 27.7359
swap between best curr 27.6356 swap 27.7359 best 27.6356
swap in good curr 28.298 swap 9999 best 27.6356
swap between good curr 28.1524 swap 28.298 best 27.6356
swap between best curr 26.9989 swap 28.1524 best 26.9989
swap between best curr 26.0212 swap 26.9989 best 26.0212
swap between best curr 25.742 swap 26.0212 best 25.742
swap between best curr 25.668 swap 25.742 best 25.668
swap between best curr 25.6036 swap 25.668 best 25.6036
swap between best curr 25.4823 swap 25.6036 best 25.4823
swap between best curr 25.3987 swap 25.4823 best 25.3987
swap between best curr 20.5207 swap 25.3987 best 20.5207
swap between best curr 19.6546 swap 20.5207 best 19.6546
swap between best curr 18.1786 swap 19.6546 best 18.1786
swap between best curr 16.471 swap 18.1786 best 16.471
swap between best curr 16.147 swap 16.471 best 16.147
swap between best curr 15.5217 swap 16.147 best 15.5217
swap between best curr 14.7878 swap 15.5217 best 14.7878
swap between best curr 14.5975 swap 14.7878 best 14.5975
swap between best curr 14.4906 swap 14.5975 best 14.4906
swap between best curr 14.4703 swap 14.4906 best 14.4703
swap between best curr 13.8978 swap 14.4703 best 13.8978
swap in good curr 15.3331 swap 9999 best 13.8978
swap between good curr 14.8156 swap 15.3331 best 13.8978
swap between good curr 13.9098 swap 14.8156 best 13.8978
swap between best curr 13.1896 swap 13.9098 best 13.1896
swap between best curr 12.2099 swap 13.1896 best 12.2099
swap between best curr 11.4819 swap 12.2099 best 11.4819
swap between best curr 11.1807 swap 11.4819 best 11.1807
swap between best curr 11.0966 swap 11.1807 best 11.0966
swap between best curr 10.9427 swap 11.0966 best 10.9427
swap between best curr 10.541 swap 10.9427 best 10.541
swap between best curr 10.1036 swap 10.541 best 10.1036
swap in good curr 12.7272 swap 9999 best 10.1036
totalE 700157.129978 extE 699993.000000 
totalE 700157.129978 extE 699993.000000 
totalE 700157.129978 extE 699993.000000 
totalE 700157.129978 extE 699993.000000 
totalE 21.458891 extE 9.816677 
totalE 15.772464 extE 8.213974 
totalE 34.354513 extE 7.078876 
totalE 43.083401 extE 22.486366 
totalE 103.088372 extE 43.665523 
totalE 103.088372 extE 43.665523 
totalE 15.772464 extE 8.213974 
best target energy 10.1036
The program has successfully finished in 1 seconds. :)  Bye-bye!
ramaprob initialise success 
transpoints initialise success with 236 transpoints 
grid box initialise succuss 75 51 65 
