found external potential parameters 1 
found external potential parameters 4 
setting constrained list file constrains
Building protein from sequence: ABCDEFGHIGKLMNGPQRSTGVWGYZ.
Building protein from sequence: ABCDEFGHIGKLMNGPQRSTGVWGYZ (26 amino acids, 1 chains).
ABCDEFGHIGKLMNGPQRSTGVWGYZ 26
Building protein from sequence: cyiqncq.
Building protein from sequence: cyiqncq (7 amino acids, 1 chains).
cyiqncq 7
AD Grid maps initialisation finished 
1marking constrained amino acids from file constrains
Constraining amino acids: 1
WARNING! Contact map file 'NULL' given, so no bias interactions will be calculated.
0 0 0 0 0 0 0  aaa 1 99999 
 aaa 2 99999 
 aaa 3 99999 
 aaa 4 99999 
 aaa 5 99999 
 aaa 6 99999 
 aaa 7 99999 
SS Energy diag offdiag 699993 99999 99999 99999 99999 99999 99999 99999 
699993 
0 125.518 
0 0.0229412 1.74684 
0 -0.632507 -0.221354 2.37683 
0 -0.00134536 -0.0364193 -0.20991 1.74751 
0 0 0 0.101169 -0.241021 1.78956 
0 0 0 -0.000120035 0.07271 -0.221116 31.764 
0 0 0 0 -0.000186214 -0.036788 -0.206142 0.972732 
initial transmutate ACYIQNCQ 
transmutate!!! 136.634 126.432 107.566
transmutate!!! 136.634 126.432 107.566
begin run with pace 1 stretch 2500 
699993 99999 99999 99999 99999 99999 99999 99999 
699993 
0 125.518 
0 0.0229412 1.74684 
0 -0.632507 -0.221354 2.37683 
0 -0.00134536 -0.0364193 -0.20991 1.74751 
0 0 0 0.101169 -0.241021 1.78956 
0 0 0 -0.000120035 0.07271 -0.221116 31.764 
0 0 0 0 -0.000186214 -0.036788 -0.206142 0.972732 
creating MC move lookup table.
Sequence:    CYIQNCQ
Fixed:              
Constrained: x      
Chain:       1111111
len 1 bonds, Nchains 1:*0 x1 x2 x3 x4 x5 x6 x7 8+0 != (8-1+(1-0)*1

len 2 bonds, Nchains 1:*0 x1 x2 x3 x4 x5 x6 7+0 != (8-1+(1-1)*1
-1 
len 3 bonds, Nchains 1:*0 x1 x2 x3 x4 x5 6+0 != (8-1+(1-2)*1
-1 -1 
len 4 bonds, Nchains 1:*0 x1 x2 x3 x4 5+0 != (8-1+(1-3)*1
-1 -1 -1 
swap in best curr 295.645 swap 9999 best 99999
swap in best curr 290.252 swap 9999 best 295.645
swap between best curr 281.816 swap 295.645 best 281.816
swap between best curr 279.241 swap 281.816 best 279.241
swap between best curr 274.845 swap 279.241 best 274.845
swap between best curr 273.714 swap 274.845 best 273.714
swap between best curr 272.177 swap 273.714 best 272.177
swap between best curr 243.816 swap 272.177 best 243.816
swap between best curr 220.872 swap 243.816 best 220.872
swap between best curr 208.859 swap 220.872 best 208.859
swap between best curr 208.116 swap 208.859 best 208.116
swap between best curr 197.923 swap 208.116 best 197.923
swap between best curr 197.233 swap 197.923 best 197.233
swap between best curr 144.041 swap 197.233 best 144.041
swap between best curr 123.224 swap 144.041 best 123.224
swap between best curr 105.553 swap 123.224 best 105.553
swap between best curr 91.5589 swap 105.553 best 91.5589
swap between best curr 84.8225 swap 91.5589 best 84.8225
swap between best curr 80.2704 swap 84.8225 best 80.2704
swap between best curr 74.9504 swap 80.2704 best 74.9504
swap between best curr 71.5525 swap 74.9504 best 71.5525
swap between best curr 69.3285 swap 71.5525 best 69.3285
swap between best curr 68.0596 swap 69.3285 best 68.0596
swap between best curr 62.5592 swap 68.0596 best 62.5592
swap between best curr 59.808 swap 62.5592 best 59.808
swap between best curr 59.6641 swap 59.808 best 59.6641
swap between best curr 53.0786 swap 59.6641 best 53.0786
swap between best curr 49.3902 swap 53.0786 best 49.3902
swap between best curr 49.1504 swap 49.3902 best 49.1504
swap between best curr 47.9741 swap 49.1504 best 47.9741
swap between best curr 47.7733 swap 47.9741 best 47.7733
swap between best curr 47.6735 swap 47.7733 best 47.6735
swap between best curr 45.72 swap 47.6735 best 45.72
swap between best curr 44.5639 swap 45.72 best 44.5639
swap between best curr 44.1536 swap 44.5639 best 44.1536
swap between best curr 44.0353 swap 44.1536 best 44.0353
swap between best curr 43.0589 swap 44.0353 best 43.0589
swap between best curr 42.0562 swap 43.0589 best 42.0562
swap between best curr 41.9739 swap 42.0562 best 41.9739
swap between best curr 41.4965 swap 41.9739 best 41.4965
swap between best curr 38.5709 swap 41.4965 best 38.5709
swap between best curr 36.9667 swap 38.5709 best 36.9667
swap between best curr 32.941 swap 36.9667 best 32.941
swap between best curr 32.8076 swap 32.941 best 32.8076
swap between best curr 32.0299 swap 32.8076 best 32.0299
swap between best curr 30.792 swap 32.0299 best 30.792
swap between best curr 28.4492 swap 30.792 best 28.4492
swap between best curr 27.5743 swap 28.4492 best 27.5743
swap between best curr 20.9955 swap 27.5743 best 20.9955
swap between best curr 20.4567 swap 20.9955 best 20.4567
swap between best curr 19.4153 swap 20.4567 best 19.4153
swap between best curr 18.3657 swap 19.4153 best 18.3657
swap between best curr 18.0353 swap 18.3657 best 18.0353
swap between best curr 17.9894 swap 18.0353 best 17.9894
swap between best curr 17.7463 swap 17.9894 best 17.7463
swap between best curr 17.431 swap 17.7463 best 17.431
swap between best curr 17.2712 swap 17.431 best 17.2712
swap between best curr 15.5462 swap 17.2712 best 15.5462
swap between best curr 14.7521 swap 15.5462 best 14.7521
swap between best curr 12.393 swap 14.7521 best 12.393
swap between best curr 12.11 swap 12.393 best 12.11
swap between best curr 2.34511 swap 12.11 best 2.34511
swap between best curr 1.85653 swap 2.34511 best 1.85653
swap between best curr 1.61423 swap 1.85653 best 1.61423
swap between best curr 0.440891 swap 1.61423 best 0.440891
swap between best curr 0.166241 swap 0.440891 best 0.166241
swap between best curr 0.135792 swap 0.166241 best 0.135792
swap between best curr -0.510547 swap 0.135792 best -0.510547
totalE 21.166876 extE -7.736355 
swap between best curr -1.76388 swap -0.510547 best -1.76388
totalE 14.720949 extE -7.258820 
swap between best curr -1.81196 swap -1.76388 best -1.81196
totalE 14.672863 extE -7.306906 
swap between best curr -3.12523 swap -1.81196 best -3.12523
totalE 9.046085 extE -7.182339 
swap between best curr -3.34802 swap -3.12523 best -3.34802
totalE 9.140932 extE -7.511004 
swap between best curr -4.28076 swap -3.34802 best -4.28076
totalE 8.208191 extE -8.443745 
swap between best curr -4.527 swap -4.28076 best -4.527
totalE 7.001684 extE -8.369894 
swap between best curr -4.66035 swap -4.527 best -4.66035
totalE 6.588373 extE -8.409923 
swap between best curr -6.22397 swap -4.66035 best -6.22397
totalE 9.053848 extE -11.316581 
swap between best curr -6.25295 swap -6.22397 best -6.25295
totalE 9.024870 extE -11.345558 
totalE 700157.305871 extE 699993.000000 
totalE 700157.305871 extE 699993.000000 
totalE 700157.305871 extE 699993.000000 
totalE 700157.305871 extE 699993.000000 
totalE 700157.305871 extE 699993.000000 
totalE 700157.305871 extE 699993.000000 
totalE 700157.305871 extE 699993.000000 
totalE 700157.305871 extE 699993.000000 
totalE 700157.305871 extE 699993.000000 
totalE 9.024870 extE -11.345558 
totalE 9.024870 extE -11.345558 
best target energy -6.25295
The program has successfully finished in 0 seconds. :)  Bye-bye!
ramaprob initialise success 
transpoints initialise success with 236 transpoints 
grid box initialise succuss 75 51 65 
