found external potential parameters 1 
found external potential parameters 4 
setting constrained list file constrains
Building protein from sequence: ABCDEFGHIGKLMNGPQRSTGVWGYZ.
Building protein from sequence: ABCDEFGHIGKLMNGPQRSTGVWGYZ (26 amino acids, 1 chains).
ABCDEFGHIGKLMNGPQRSTGVWGYZ 26
Building protein from sequence: cyiqncq.
Building protein from sequence: cyiqncq (7 amino acids, 1 chains).
cyiqncq 7
AD Grid maps initialisation finished 
1marking constrained amino acids from file constrains
Constraining amino acids: 1
WARNING! Contact map file 'NULL' given, so no bias interactions will be calculated.
0 0 0 0 0 0 0  aaa 1 99999 
 aaa 2 99999 
 aaa 3 99999 
 aaa 4 99999 
 aaa 5 99999 
 aaa 6 99999 
 aaa 7 99999 
SS Energy diag offdiag 699993 99999 99999 99999 99999 99999 99999 99999 
699993 
0 125.518 
0 0.0229412 1.74684 
0 -0.632507 -0.221354 2.37683 
0 -0.00134536 -0.0402585 -0.213516 1.75217 
0 0 0 0.101169 -0.193079 1.78956 
0 0 0 -0.000120035 -0.0638669 -0.221116 31.764 
0 0 0 0 0 -0.0364825 -0.203948 0.722112 
initial transmutate ACYIQNCQ 
transmutate!!! 137.634 119.432 103.566
transmutate!!! 137.634 119.432 103.566
begin run with pace 1 stretch 2500 
699993 99999 99999 99999 99999 99999 99999 99999 
699993 
0 125.518 
0 0.0229412 1.74684 
0 -0.632507 -0.221354 2.37683 
0 -0.00134536 -0.0402585 -0.213516 1.75217 
0 0 0 0.101169 -0.193079 1.78956 
0 0 0 -0.000120035 -0.0638669 -0.221116 31.764 
0 0 0 0 0 -0.0364825 -0.203948 0.722112 
creating MC move lookup table.
Sequence:    CYIQNCQ
Fixed:              
Constrained: x      
Chain:       1111111
len 1 bonds, Nchains 1:*0 x1 x2 x3 x4 x5 x6 x7 8+0 != (8-1+(1-0)*1

len 2 bonds, Nchains 1:*0 x1 x2 x3 x4 x5 x6 7+0 != (8-1+(1-1)*1
-1 
len 3 bonds, Nchains 1:*0 x1 x2 x3 x4 x5 6+0 != (8-1+(1-2)*1
-1 -1 
len 4 bonds, Nchains 1:*0 x1 x2 x3 x4 5+0 != (8-1+(1-3)*1
-1 -1 -1 
swap in best curr 170.106 swap 9999 best 99999
swap in best curr 158.074 swap 9999 best 170.106
swap between best curr 140.495 swap 170.106 best 140.495
swap between best curr 130.712 swap 140.495 best 130.712
swap between best curr 126.016 swap 130.712 best 126.016
swap between best curr 123.137 swap 126.016 best 123.137
swap between best curr 117.172 swap 123.137 best 117.172
swap between best curr 99.9378 swap 117.172 best 99.9378
swap between best curr 79.8672 swap 99.9378 best 79.8672
swap between best curr 79.6067 swap 79.8672 best 79.6067
swap between best curr 77.644 swap 79.6067 best 77.644
swap between best curr 75.7997 swap 77.644 best 75.7997
swap between best curr 73.2651 swap 75.7997 best 73.2651
swap between best curr 70.8255 swap 73.2651 best 70.8255
swap between best curr 66.4821 swap 70.8255 best 66.4821
swap between best curr 65.0278 swap 66.4821 best 65.0278
swap between best curr 63.5769 swap 65.0278 best 63.5769
swap between best curr 58.262 swap 63.5769 best 58.262
swap between best curr 52.3719 swap 58.262 best 52.3719
swap between best curr 51.6893 swap 52.3719 best 51.6893
swap between best curr 50.7211 swap 51.6893 best 50.7211
swap between best curr 49.1803 swap 50.7211 best 49.1803
swap between best curr 45.3457 swap 49.1803 best 45.3457
swap between best curr 44.4832 swap 45.3457 best 44.4832
swap between best curr 38.2201 swap 44.4832 best 38.2201
swap between best curr 37.6975 swap 38.2201 best 37.6975
swap between best curr 37.4157 swap 37.6975 best 37.4157
swap between best curr 36.7736 swap 37.4157 best 36.7736
swap between best curr 33.5366 swap 36.7736 best 33.5366
swap between best curr 32.8502 swap 33.5366 best 32.8502
swap between best curr 32.8238 swap 32.8502 best 32.8238
swap between best curr 29.7918 swap 32.8238 best 29.7918
swap between best curr 28.9526 swap 29.7918 best 28.9526
swap between best curr 28.8375 swap 28.9526 best 28.8375
swap between best curr 28.5759 swap 28.8375 best 28.5759
swap between best curr 28.4946 swap 28.5759 best 28.4946
swap between best curr 27.9814 swap 28.4946 best 27.9814
swap between best curr 27.7438 swap 27.9814 best 27.7438
swap between best curr 27.4919 swap 27.7438 best 27.4919
swap between best curr 27.2651 swap 27.4919 best 27.2651
swap between best curr 26.966 swap 27.2651 best 26.966
swap between best curr 26.8682 swap 26.966 best 26.8682
swap between best curr 26.6369 swap 26.8682 best 26.6369
swap between best curr 25.4818 swap 26.6369 best 25.4818
swap between best curr 23.5595 swap 25.4818 best 23.5595
swap between best curr 23.3365 swap 23.5595 best 23.3365
swap between best curr 23.2023 swap 23.3365 best 23.2023
swap between best curr 22.8374 swap 23.2023 best 22.8374
swap between best curr 22.4359 swap 22.8374 best 22.4359
swap between best curr 21.2474 swap 22.4359 best 21.2474
swap between best curr 20.8367 swap 21.2474 best 20.8367
swap between best curr 20.3841 swap 20.8367 best 20.3841
swap between best curr 18.8289 swap 20.3841 best 18.8289
swap between best curr 18.6327 swap 18.8289 best 18.6327
swap between best curr 18.5208 swap 18.6327 best 18.5208
swap between best curr 18.4418 swap 18.5208 best 18.4418
swap between best curr 17.8825 swap 18.4418 best 17.8825
swap between best curr 17.3091 swap 17.8825 best 17.3091
swap between best curr 17.2684 swap 17.3091 best 17.2684
swap between best curr 16.9375 swap 17.2684 best 16.9375
swap in best curr 14.7908 swap 9999 best 16.9375
swap in best curr 14.7408 swap 9999 best 14.7908
swap between best curr 14.3202 swap 14.7908 best 14.3202
swap between best curr 13.8082 swap 14.3202 best 13.8082
swap between best curr 12.2694 swap 13.8082 best 12.2694
swap between best curr 11.6822 swap 12.2694 best 11.6822
swap between best curr 8.02396 swap 11.6822 best 8.02396
swap between best curr 7.69431 swap 8.02396 best 7.69431
swap between best curr 7.29302 swap 7.69431 best 7.29302
swap between best curr 7.2075 swap 7.29302 best 7.2075
swap between best curr 7.13824 swap 7.2075 best 7.13824
swap between best curr 7.05377 swap 7.13824 best 7.05377
swap between best curr 5.03394 swap 7.05377 best 5.03394
swap between best curr 4.41857 swap 5.03394 best 4.41857
swap between best curr 4.2037 swap 4.41857 best 4.2037
swap between best curr 3.74593 swap 4.2037 best 3.74593
swap between best curr -0.27385 swap 3.74593 best -0.27385
totalE 18.769472 extE -6.621623 
swap between best curr -1.55547 swap -0.27385 best -1.55547
totalE 16.989643 extE -7.737180 
swap between best curr -1.73927 swap -1.55547 best -1.73927
totalE 16.805843 extE -7.920980 
swap between best curr -1.75093 swap -1.73927 best -1.75093
totalE 16.794183 extE -7.932641 
swap between best curr -1.80703 swap -1.75093 best -1.80703
totalE 16.738090 extE -7.988734 
swap between best curr -1.96643 swap -1.80703 best -1.96643
totalE 16.690013 extE -8.185242 
swap between best curr -2.11499 swap -1.96643 best -2.11499
totalE 16.541456 extE -8.333799 
swap in best curr -4.92221 swap 9999 best -2.11499
totalE 9.244151 extE -9.644334 
swap in best curr -5.73301 swap 9999 best -4.92221
totalE 7.497161 extE -10.143073 
swap between best curr -5.94788 swap -4.92221 best -5.94788
totalE 7.268622 extE -10.353387 
swap between best curr -6.13378 swap -5.94788 best -6.13378
totalE 5.998541 extE -10.177885 
swap between best curr -7.22313 swap -6.13378 best -7.22313
totalE 4.419637 extE -11.104055 
swap between best curr -7.38656 swap -7.22313 best -7.38656
totalE 2.880778 extE -10.809004 
swap between best curr -7.42763 swap -7.38656 best -7.42763
totalE 4.369189 extE -11.359903 
swap between best curr -7.70742 swap -7.42763 best -7.70742
totalE 4.089396 extE -11.639695 
swap between best curr -8.26323 swap -7.70742 best -8.26323
totalE 2.685632 extE -11.912848 
swap between best curr -8.26662 swap -8.26323 best -8.26662
totalE 3.177553 extE -12.081339 
swap between best curr -8.31249 swap -8.26662 best -8.31249
totalE 3.289155 extE -12.179705 
swap between best curr -8.85846 swap -8.31249 best -8.85846
totalE -0.136496 extE -11.765786 
swap between best curr -9.17071 swap -8.85846 best -9.17071
totalE -1.660437 extE -11.674132 
swap between best curr -9.22663 swap -9.17071 best -9.22663
totalE -1.716359 extE -11.730054 
swap between best curr -9.37607 swap -9.22663 best -9.37607
totalE -0.710611 extE -12.264559 
swap between best curr -9.4078 swap -9.37607 best -9.4078
totalE -1.413129 extE -12.072691 
swap in good curr -5.03844 swap 9999 best -9.4078
swap between good curr -5.24835 swap -5.03844 best -9.4078
swap between good curr -5.72364 swap -5.24835 best -9.4078
swap between good curr -5.99112 swap -5.72364 best -9.4078
swap between good curr -6.19652 swap -5.99112 best -9.4078
swap between good curr -6.25244 swap -6.19652 best -9.4078
swap between good curr -6.40453 swap -6.25244 best -9.4078
swap between good curr -6.4088 swap -6.40453 best -9.4078
swap between good curr -6.55768 swap -6.4088 best -9.4078
swap between good curr -6.56456 swap -6.55768 best -9.4078
swap between good curr -6.77053 swap -6.56456 best -9.4078
swap between good curr -6.89548 swap -6.77053 best -9.4078
swap between good curr -6.99136 swap -6.89548 best -9.4078
swap between good curr -7.06568 swap -6.99136 best -9.4078
swap between good curr -7.76701 swap -7.06568 best -9.4078
swap between good curr -7.80812 swap -7.76701 best -9.4078
swap between good curr -8.02748 swap -7.80812 best -9.4078
swap between good curr -8.12429 swap -8.02748 best -9.4078
swap between good curr -8.39042 swap -8.12429 best -9.4078
swap between good curr -8.84122 swap -8.39042 best -9.4078
swap in good curr -4.8488 swap 9999 best -9.4078
swap between good curr -6.78723 swap -4.8488 best -9.4078
swap between good curr -6.83557 swap -6.78723 best -9.4078
swap between good curr -7.57583 swap -6.83557 best -9.4078
swap between good curr -8.75417 swap -7.57583 best -9.4078
swap between good curr -8.80008 swap -8.75417 best -9.4078
swap between good curr -9.08608 swap -8.80008 best -9.4078
totalE 700156.966522 extE 699993.000000 
totalE 700156.966522 extE 699993.000000 
totalE 700156.966522 extE 699993.000000 
totalE -2.146059 extE -11.399424 
totalE 4.500813 extE -13.288566 
totalE -1.413129 extE -12.072691 
totalE 16.541456 extE -8.333799 
totalE 16.541456 extE -8.333799 
totalE 94.401768 extE -8.883906 
totalE 94.401768 extE -8.883906 
totalE -1.413129 extE -12.072691 
best target energy -9.4078
The program has successfully finished in 1 seconds. :)  Bye-bye!
ramaprob initialise success 
transpoints initialise success with 236 transpoints 
grid box initialise succuss 75 51 65 
