found external potential parameters 1 
found external potential parameters 4 
setting constrained list file constrains
Building protein from sequence: ABCDEFGHIGKLMNGPQRSTGVWGYZ.
Building protein from sequence: ABCDEFGHIGKLMNGPQRSTGVWGYZ (26 amino acids, 1 chains).
ABCDEFGHIGKLMNGPQRSTGVWGYZ 26
Building protein from sequence: cyiqncl.
Building protein from sequence: cyiqncl (7 amino acids, 1 chains).
cyiqncl 7
AD Grid maps initialisation finished 
1marking constrained amino acids from file constrains
Constraining amino acids: 1
WARNING! Contact map file 'NULL' given, so no bias interactions will be calculated.
0 0 0 0 0 0 0  aaa 1 99999 
 aaa 2 99999 
 aaa 3 99999 
 aaa 4 99999 
 aaa 5 99999 
 aaa 6 99999 
 aaa 7 99999 
SS Energy diag offdiag 699993 99999 99999 99999 99999 99999 99999 99999 
699993 
0 125.518 
0 0.0229411 1.74684 
0 -0.632507 -0.221354 2.37683 
0 -0.00134536 -0.0365006 -0.208968 1.7574 
0 0 0 0.101169 -0.202504 1.78956 
0 0 0 -0.000120036 0.133978 -0.221115 31.764 
0 0 0 0 0 0.169408 -0.216331 0.733051 
initial transmutate ACYIQNCL 
transmutate!!! 140.634 117.432 100.566
transmutate!!! 140.634 117.432 100.566
begin run with pace 1 stretch 2500 
699993 99999 99999 99999 99999 99999 99999 99999 
699993 
0 125.518 
0 0.0229411 1.74684 
0 -0.632507 -0.221354 2.37683 
0 -0.00134536 -0.0365006 -0.208968 1.7574 
0 0 0 0.101169 -0.202504 1.78956 
0 0 0 -0.000120036 0.133978 -0.221115 31.764 
0 0 0 0 0 0.169408 -0.216331 0.733051 
creating MC move lookup table.
Sequence:    CYIQNCL
Fixed:              
Constrained: x      
Chain:       1111111
len 1 bonds, Nchains 1:*0 x1 x2 x3 x4 x5 x6 x7 8+0 != (8-1+(1-0)*1

len 2 bonds, Nchains 1:*0 x1 x2 x3 x4 x5 x6 7+0 != (8-1+(1-1)*1
-1 
len 3 bonds, Nchains 1:*0 x1 x2 x3 x4 x5 6+0 != (8-1+(1-2)*1
-1 -1 
len 4 bonds, Nchains 1:*0 x1 x2 x3 x4 5+0 != (8-1+(1-3)*1
-1 -1 -1 
swap in best curr 264.594 swap 9999 best 99999
swap in best curr 248.763 swap 9999 best 264.594
swap between good curr 249.631 swap 264.594 best 248.763
swap between best curr 248.082 swap 249.631 best 248.082
swap between best curr 245.591 swap 248.082 best 245.591
swap between best curr 215.743 swap 245.591 best 215.743
swap between best curr 213.574 swap 215.743 best 213.574
swap between best curr 206.556 swap 213.574 best 206.556
swap between best curr 199.574 swap 206.556 best 199.574
swap between best curr 197.339 swap 199.574 best 197.339
swap between best curr 195.981 swap 197.339 best 195.981
swap between best curr 178.159 swap 195.981 best 178.159
swap between best curr 177.481 swap 178.159 best 177.481
swap between best curr 177.271 swap 177.481 best 177.271
swap between best curr 170.667 swap 177.271 best 170.667
swap in best curr 138.359 swap 9999 best 170.667
swap in best curr 130.494 swap 9999 best 138.359
swap between best curr 119.538 swap 138.359 best 119.538
swap between best curr 119.067 swap 119.538 best 119.067
swap between best curr 105.456 swap 119.067 best 105.456
swap between best curr 90.5299 swap 105.456 best 90.5299
swap between best curr 89.8111 swap 90.5299 best 89.8111
swap between best curr 82.3548 swap 89.8111 best 82.3548
swap between best curr 79.6364 swap 82.3548 best 79.6364
swap between best curr 78.6979 swap 79.6364 best 78.6979
swap between best curr 67.0452 swap 78.6979 best 67.0452
swap between best curr 65.2073 swap 67.0452 best 65.2073
swap between best curr 63.5117 swap 65.2073 best 63.5117
swap between best curr 57.1966 swap 63.5117 best 57.1966
swap between best curr 55.6999 swap 57.1966 best 55.6999
swap between best curr 55.678 swap 55.6999 best 55.678
swap between best curr 45.1722 swap 55.678 best 45.1722
swap between best curr 44.7085 swap 45.1722 best 44.7085
swap between best curr 44.5384 swap 44.7085 best 44.5384
swap between best curr 38.4037 swap 44.5384 best 38.4037
swap between best curr 37.1041 swap 38.4037 best 37.1041
swap between best curr 31.8096 swap 37.1041 best 31.8096
swap between best curr 19.0734 swap 31.8096 best 19.0734
swap between best curr 18.6297 swap 19.0734 best 18.6297
swap between best curr 14.717 swap 18.6297 best 14.717
swap between best curr 10.8849 swap 14.717 best 10.8849
swap between best curr 10.4871 swap 10.8849 best 10.4871
swap between best curr 9.47677 swap 10.4871 best 9.47677
swap between best curr 9.05649 swap 9.47677 best 9.05649
swap between best curr 8.79463 swap 9.05649 best 8.79463
swap between best curr 6.50268 swap 8.79463 best 6.50268
swap between best curr 5.69366 swap 6.50268 best 5.69366
swap between best curr 0.474959 swap 5.69366 best 0.474959
swap between best curr -0.501808 swap 0.474959 best -0.501808
totalE 32.647541 extE -11.551591 
swap between best curr -0.53538 swap -0.501808 best -0.53538
totalE 32.701148 extE -11.614223 
swap between best curr -0.54123 swap -0.53538 best -0.54123
totalE 32.695298 extE -11.620073 
swap between best curr -1.60101 swap -0.54123 best -1.60101
totalE 31.635514 extE -12.679857 
swap between best curr -2.1881 swap -1.60101 best -2.1881
totalE 15.648578 extE -8.133656 
swap between best curr -3.40354 swap -2.1881 best -3.40354
totalE 14.433132 extE -9.349102 
swap between best curr -3.4876 swap -3.40354 best -3.4876
totalE 14.015595 extE -9.321992 
swap between best curr -5.23472 swap -3.4876 best -5.23472
totalE 11.694951 extE -10.877944 
swap between best curr -6.3476 swap -5.23472 best -6.3476
totalE 9.975296 extE -11.788572 
swap between best curr -7.01166 swap -6.3476 best -7.01166
totalE 9.311244 extE -12.452624 
swap between best curr -7.82504 swap -7.01166 best -7.82504
totalE 8.184436 extE -13.161531 
swap between best curr -7.91462 swap -7.82504 best -7.91462
totalE 8.418949 extE -13.359139 
swap between best curr -8.45396 swap -7.91462 best -8.45396
totalE -0.262672 extE -11.184392 
swap between best curr -8.93467 swap -8.45396 best -8.93467
totalE -0.248028 extE -11.830218 
swap between best curr -9.93384 swap -8.93467 best -9.93384
totalE -2.666597 extE -12.356254 
swap between best curr -10.7753 swap -9.93384 best -10.7753
totalE 0.145329 extE -14.415562 
swap between best curr -11.1958 swap -10.7753 best -11.1958
totalE -0.538756 extE -14.748145 
swap between best curr -11.8841 swap -11.1958 best -11.8841
totalE -0.486541 extE -15.683284 
swap between best curr -13.1665 swap -11.8841 best -13.1665
totalE -2.194407 extE -16.823863 
swap between best curr -13.899 swap -13.1665 best -13.899
totalE -3.903591 extE -17.230790 
swap between best curr -14.1556 swap -13.899 best -14.1556
totalE -4.043726 extE -17.526179 
swap between best curr -14.2167 swap -14.1556 best -14.2167
totalE -4.923584 extE -17.314341 
swap between best curr -14.9848 swap -14.2167 best -14.9848
totalE -7.679497 extE -17.419940 
swap between best curr -15.3452 swap -14.9848 best -15.3452
totalE -7.484106 extE -17.965559 
swap between best curr -15.5561 swap -15.3452 best -15.5561
totalE -5.192024 extE -19.010823 
swap between best curr -15.6848 swap -15.5561 best -15.6848
totalE -5.766555 extE -18.990938 
swap between best curr -16.3298 swap -15.6848 best -16.3298
totalE -9.981614 extE -18.445860 
swap between best curr -16.4718 swap -16.3298 best -16.4718
totalE -10.241398 extE -18.548666 
swap between best curr -16.614 swap -16.4718 best -16.614
totalE -10.383575 extE -18.690842 
swap between best curr -16.6253 swap -16.614 best -16.6253
totalE -11.664760 extE -18.278865 
swap between best curr -17.2089 swap -16.6253 best -17.2089
totalE -12.248309 extE -18.862414 
swap between best curr -17.3223 swap -17.2089 best -17.3223
totalE -10.707681 extE -19.527203 
swap between best curr -17.7809 swap -17.3223 best -17.7809
totalE -11.897266 extE -19.742115 
swap between best curr -17.9107 swap -17.7809 best -17.9107
totalE -12.027059 extE -19.871908 
swap between best curr -18.1477 swap -17.9107 best -18.1477
totalE -12.264099 extE -20.108949 
totalE 700157.372924 extE 699993.000000 
totalE 700157.372924 extE 699993.000000 
totalE 700157.372924 extE 699993.000000 
totalE 700157.372924 extE 699993.000000 
totalE 700157.372924 extE 699993.000000 
totalE 700157.372924 extE 699993.000000 
totalE 700157.372924 extE 699993.000000 
totalE -12.264099 extE -20.108949 
totalE 255.879567 extE 142.262666 
totalE 255.879567 extE 142.262666 
totalE -12.264099 extE -20.108949 
best target energy -18.1477
The program has successfully finished in 0 seconds. :)  Bye-bye!
ramaprob initialise success 
transpoints initialise success with 236 transpoints 
grid box initialise succuss 75 51 65 
