found external potential parameters 1 
found external potential parameters 4 
setting constrained list file constrains
Building protein from sequence: ABCDEFGHIGKLMNGPQRSTGVWGYZ.
Building protein from sequence: ABCDEFGHIGKLMNGPQRSTGVWGYZ (26 amino acids, 1 chains).
ABCDEFGHIGKLMNGPQRSTGVWGYZ 26
Building protein from sequence: cyiqncl.
Building protein from sequence: cyiqncl (7 amino acids, 1 chains).
cyiqncl 7
AD Grid maps initialisation finished 
1marking constrained amino acids from file constrains
Constraining amino acids: 1
WARNING! Contact map file 'NULL' given, so no bias interactions will be calculated.
0 0 0 0 0 0 0  aaa 1 99999 
 aaa 2 99999 
 aaa 3 99999 
 aaa 4 99999 
 aaa 5 99999 
 aaa 6 99999 
 aaa 7 99999 
SS Energy diag offdiag 699993 99999 99999 99999 99999 99999 99999 99999 
699993 
0 125.518 
0 0.0229412 1.74684 
0 -0.632507 -0.221354 2.37683 
0 -0.00134536 -0.0461306 -0.221832 1.76028 
0 0 0 0.101169 -0.189733 1.78956 
0 0 0 -0.000120035 -0.0602092 -0.221116 31.764 
0 0 0 0 0 0.169408 -0.216331 0.733051 
initial transmutate ACYIQNCL 
transmutate!!! 133.634 120.432 107.566
transmutate!!! 133.634 120.432 107.566
begin run with pace 1 stretch 2500 
699993 99999 99999 99999 99999 99999 99999 99999 
699993 
0 125.518 
0 0.0229412 1.74684 
0 -0.632507 -0.221354 2.37683 
0 -0.00134536 -0.0461306 -0.221832 1.76028 
0 0 0 0.101169 -0.189733 1.78956 
0 0 0 -0.000120035 -0.0602092 -0.221116 31.764 
0 0 0 0 0 0.169408 -0.216331 0.733051 
creating MC move lookup table.
Sequence:    CYIQNCL
Fixed:              
Constrained: x      
Chain:       1111111
len 1 bonds, Nchains 1:*0 x1 x2 x3 x4 x5 x6 x7 8+0 != (8-1+(1-0)*1

len 2 bonds, Nchains 1:*0 x1 x2 x3 x4 x5 x6 7+0 != (8-1+(1-1)*1
-1 
len 3 bonds, Nchains 1:*0 x1 x2 x3 x4 x5 6+0 != (8-1+(1-2)*1
-1 -1 
len 4 bonds, Nchains 1:*0 x1 x2 x3 x4 5+0 != (8-1+(1-3)*1
-1 -1 -1 
swap in best curr 394.272 swap 9999 best 99999
swap in best curr 359.042 swap 9999 best 394.272
swap between good curr 359.234 swap 394.272 best 359.042
swap between best curr 358.426 swap 359.234 best 358.426
swap between best curr 344.157 swap 358.426 best 344.157
swap between best curr 328.774 swap 344.157 best 328.774
swap between best curr 310.725 swap 328.774 best 310.725
swap between best curr 254.457 swap 310.725 best 254.457
swap between best curr 253.083 swap 254.457 best 253.083
swap between best curr 244.696 swap 253.083 best 244.696
swap between best curr 237.316 swap 244.696 best 237.316
swap between best curr 211.264 swap 237.316 best 211.264
swap between best curr 208.542 swap 211.264 best 208.542
swap between best curr 206.993 swap 208.542 best 206.993
swap between best curr 206.243 swap 206.993 best 206.243
swap between best curr 205.159 swap 206.243 best 205.159
swap between best curr 195.698 swap 205.159 best 195.698
swap between best curr 186.019 swap 195.698 best 186.019
swap between best curr 162.897 swap 186.019 best 162.897
swap between best curr 160.625 swap 162.897 best 160.625
swap between best curr 145.954 swap 160.625 best 145.954
swap between best curr 110.61 swap 145.954 best 110.61
swap between best curr 109.81 swap 110.61 best 109.81
swap between best curr 100.733 swap 109.81 best 100.733
swap between best curr 97.1665 swap 100.733 best 97.1665
swap between best curr 96.8054 swap 97.1665 best 96.8054
swap between best curr 85.794 swap 96.8054 best 85.794
swap between best curr 80.5812 swap 85.794 best 80.5812
swap between best curr 78.7943 swap 80.5812 best 78.7943
swap between best curr 60.6627 swap 78.7943 best 60.6627
swap between best curr 47.6829 swap 60.6627 best 47.6829
swap between best curr 45.9288 swap 47.6829 best 45.9288
swap between best curr 44.5511 swap 45.9288 best 44.5511
swap between best curr 38.172 swap 44.5511 best 38.172
swap between best curr 37.6043 swap 38.172 best 37.6043
swap between best curr 37.1689 swap 37.6043 best 37.1689
swap between best curr 37.1076 swap 37.1689 best 37.1076
swap between best curr 32.8155 swap 37.1076 best 32.8155
swap between best curr 32.3164 swap 32.8155 best 32.3164
swap between best curr 30.8448 swap 32.3164 best 30.8448
swap between best curr 30.1054 swap 30.8448 best 30.1054
swap between best curr 29.8134 swap 30.1054 best 29.8134
swap between best curr 24.38 swap 29.8134 best 24.38
swap between best curr 23.264 swap 24.38 best 23.264
swap between best curr 22.9917 swap 23.264 best 22.9917
swap between best curr 22.9409 swap 22.9917 best 22.9409
swap between best curr 21.9506 swap 22.9409 best 21.9506
swap between best curr 21.3475 swap 21.9506 best 21.3475
swap between best curr 20.8452 swap 21.3475 best 20.8452
swap between best curr 18.5432 swap 20.8452 best 18.5432
swap between best curr 18.4433 swap 18.5432 best 18.4433
swap between best curr 18.421 swap 18.4433 best 18.421
swap between best curr 18.2866 swap 18.421 best 18.2866
swap between best curr 18.2495 swap 18.2866 best 18.2495
swap between best curr 17.9083 swap 18.2495 best 17.9083
swap between best curr 17.7079 swap 17.9083 best 17.7079
swap between best curr 17.0132 swap 17.7079 best 17.0132
swap between best curr 16.8822 swap 17.0132 best 16.8822
swap between best curr 14.7085 swap 16.8822 best 14.7085
swap between best curr 14.6982 swap 14.7085 best 14.6982
swap between best curr 14.6436 swap 14.6982 best 14.6436
swap between best curr 14.1448 swap 14.6436 best 14.1448
swap between best curr 13.7389 swap 14.1448 best 13.7389
swap between best curr 13.5499 swap 13.7389 best 13.5499
swap between best curr 13.5478 swap 13.5499 best 13.5478
swap between best curr 13.4018 swap 13.5478 best 13.4018
swap between best curr 13.1102 swap 13.4018 best 13.1102
swap between best curr 12.3967 swap 13.1102 best 12.3967
swap between best curr 12.1804 swap 12.3967 best 12.1804
swap between best curr 11.3572 swap 12.1804 best 11.3572
swap between best curr 11.1578 swap 11.3572 best 11.1578
swap between best curr 10.5085 swap 11.1578 best 10.5085
swap between best curr 10.3277 swap 10.5085 best 10.3277
swap between best curr 10.2712 swap 10.3277 best 10.2712
swap between best curr 10.0304 swap 10.2712 best 10.0304
swap between best curr 9.9812 swap 10.0304 best 9.9812
swap between best curr 9.24616 swap 9.9812 best 9.24616
swap between best curr 9.13757 swap 9.24616 best 9.13757
swap between best curr 9.07432 swap 9.13757 best 9.07432
swap between best curr 8.45771 swap 9.07432 best 8.45771
swap between best curr 8.38544 swap 8.45771 best 8.38544
swap between best curr 8.38064 swap 8.38544 best 8.38064
totalE 700157.171887 extE 699993.000000 
totalE 700157.171887 extE 699993.000000 
totalE 700157.171887 extE 699993.000000 
totalE 700157.171887 extE 699993.000000 
totalE 700157.171887 extE 699993.000000 
totalE 700157.171887 extE 699993.000000 
totalE 700157.171887 extE 699993.000000 
totalE 700157.171887 extE 699993.000000 
totalE 700157.171887 extE 699993.000000 
totalE 20.650952 extE 4.290539 
totalE 20.650952 extE 4.290539 
best target energy 8.38064
The program has successfully finished in 0 seconds. :)  Bye-bye!
ramaprob initialise success 
transpoints initialise success with 236 transpoints 
grid box initialise succuss 75 51 65 
