found external potential parameters 1 
found external potential parameters 4 
setting constrained list file constrains
Building protein from sequence: ABCDEFGHIGKLMNGPQRSTGVWGYZ.
Building protein from sequence: ABCDEFGHIGKLMNGPQRSTGVWGYZ (26 amino acids, 1 chains).
ABCDEFGHIGKLMNGPQRSTGVWGYZ 26
Building protein from sequence: cyiqncs.
Building protein from sequence: cyiqncs (7 amino acids, 1 chains).
cyiqncs 7
AD Grid maps initialisation finished 
1marking constrained amino acids from file constrains
Constraining amino acids: 1
WARNING! Contact map file 'NULL' given, so no bias interactions will be calculated.
0 0 0 0 0 0 0  aaa 1 99999 
 aaa 2 99999 
 aaa 3 99999 
 aaa 4 99999 
 aaa 5 99999 
 aaa 6 99999 
 aaa 7 99999 
SS Energy diag offdiag 699993 99999 99999 99999 99999 99999 99999 99999 
699993 
0 125.518 
0 0.0229412 1.74684 
0 -0.632507 -0.221354 2.37683 
0 -0.00134536 -0.0395261 -0.212461 1.75165 
0 0 0 0.101169 -0.193635 1.78956 
0 0 0 -0.000120035 -0.0646238 -0.221116 31.764 
0 0 0 0 0 -0.0419766 -0.237515 1.022 
initial transmutate ACYIQNCS 
transmutate!!! 135.634 124.432 104.566
transmutate!!! 135.634 124.432 104.566
begin run with pace 1 stretch 2500 
699993 99999 99999 99999 99999 99999 99999 99999 
699993 
0 125.518 
0 0.0229412 1.74684 
0 -0.632507 -0.221354 2.37683 
0 -0.00134536 -0.0395261 -0.212461 1.75165 
0 0 0 0.101169 -0.193635 1.78956 
0 0 0 -0.000120035 -0.0646238 -0.221116 31.764 
0 0 0 0 0 -0.0419766 -0.237515 1.022 
creating MC move lookup table.
Sequence:    CYIQNCS
Fixed:              
Constrained: x      
Chain:       1111111
len 1 bonds, Nchains 1:*0 x1 x2 x3 x4 x5 x6 x7 8+0 != (8-1+(1-0)*1

len 2 bonds, Nchains 1:*0 x1 x2 x3 x4 x5 x6 7+0 != (8-1+(1-1)*1
-1 
len 3 bonds, Nchains 1:*0 x1 x2 x3 x4 x5 6+0 != (8-1+(1-2)*1
-1 -1 
len 4 bonds, Nchains 1:*0 x1 x2 x3 x4 5+0 != (8-1+(1-3)*1
-1 -1 -1 
swap in best curr 263.332 swap 9999 best 99999
swap in best curr 240.408 swap 9999 best 263.332
swap between best curr 238.307 swap 263.332 best 238.307
swap between best curr 225.646 swap 238.307 best 225.646
swap between best curr 208.317 swap 225.646 best 208.317
swap between best curr 208.025 swap 208.317 best 208.025
swap between best curr 204.884 swap 208.025 best 204.884
swap between best curr 203.612 swap 204.884 best 203.612
swap between best curr 194.123 swap 203.612 best 194.123
swap between best curr 182.62 swap 194.123 best 182.62
swap between best curr 182.077 swap 182.62 best 182.077
swap between best curr 181.725 swap 182.077 best 181.725
swap between best curr 170.47 swap 181.725 best 170.47
swap between best curr 170.341 swap 170.47 best 170.341
swap between best curr 158.244 swap 170.341 best 158.244
swap between best curr 156.758 swap 158.244 best 156.758
swap between best curr 151.166 swap 156.758 best 151.166
swap between best curr 148.57 swap 151.166 best 148.57
swap between best curr 148.543 swap 148.57 best 148.543
swap between best curr 143.742 swap 148.543 best 143.742
swap between best curr 143.553 swap 143.742 best 143.553
swap between best curr 142.798 swap 143.553 best 142.798
swap between best curr 139.52 swap 142.798 best 139.52
swap between best curr 139.046 swap 139.52 best 139.046
swap between best curr 138.266 swap 139.046 best 138.266
swap between best curr 135.533 swap 138.266 best 135.533
swap between best curr 134.844 swap 135.533 best 134.844
swap between best curr 133.925 swap 134.844 best 133.925
swap between best curr 132.444 swap 133.925 best 132.444
swap between best curr 131.565 swap 132.444 best 131.565
swap between best curr 131.293 swap 131.565 best 131.293
swap between best curr 131.025 swap 131.293 best 131.025
swap between best curr 110.138 swap 131.025 best 110.138
swap between best curr 108.64 swap 110.138 best 108.64
swap between best curr 104.305 swap 108.64 best 104.305
swap between best curr 103.604 swap 104.305 best 103.604
swap between best curr 101.134 swap 103.604 best 101.134
swap between best curr 95.6969 swap 101.134 best 95.6969
swap between best curr 94.6055 swap 95.6969 best 94.6055
swap between best curr 90.1644 swap 94.6055 best 90.1644
swap between best curr 88.8328 swap 90.1644 best 88.8328
swap between best curr 87.864 swap 88.8328 best 87.864
swap between best curr 86.8987 swap 87.864 best 86.8987
swap between best curr 79.7893 swap 86.8987 best 79.7893
swap between best curr 79.5726 swap 79.7893 best 79.5726
swap between best curr 77.7033 swap 79.5726 best 77.7033
swap between best curr 75.7807 swap 77.7033 best 75.7807
swap between best curr 72.1567 swap 75.7807 best 72.1567
swap between best curr 69.5115 swap 72.1567 best 69.5115
swap between best curr 67.4887 swap 69.5115 best 67.4887
swap between best curr 66.6242 swap 67.4887 best 66.6242
swap between best curr 66.6217 swap 66.6242 best 66.6217
swap between best curr 66.5181 swap 66.6217 best 66.5181
swap between best curr 66.4624 swap 66.5181 best 66.4624
swap between best curr 66.1992 swap 66.4624 best 66.1992
swap between best curr 65.1014 swap 66.1992 best 65.1014
swap between best curr 62.343 swap 65.1014 best 62.343
swap between best curr 61.9831 swap 62.343 best 61.9831
swap between best curr 61.9565 swap 61.9831 best 61.9565
swap between best curr 61.5693 swap 61.9565 best 61.5693
swap between best curr 59.9081 swap 61.5693 best 59.9081
swap between best curr 59.5584 swap 59.9081 best 59.5584
swap between best curr 57.4851 swap 59.5584 best 57.4851
swap between best curr 57.4344 swap 57.4851 best 57.4344
swap between best curr 57.4129 swap 57.4344 best 57.4129
swap between best curr 57.281 swap 57.4129 best 57.281
swap between best curr 44.4916 swap 57.281 best 44.4916
swap between best curr 44.4584 swap 44.4916 best 44.4584
swap between best curr 44.4047 swap 44.4584 best 44.4047
swap between best curr 42.9932 swap 44.4047 best 42.9932
swap between best curr 42.9195 swap 42.9932 best 42.9195
swap between best curr 42.9057 swap 42.9195 best 42.9057
swap between best curr 40.5883 swap 42.9057 best 40.5883
swap between best curr 38.0488 swap 40.5883 best 38.0488
swap between best curr 37.3741 swap 38.0488 best 37.3741
swap between best curr 37.3271 swap 37.3741 best 37.3271
swap between best curr 36.3204 swap 37.3271 best 36.3204
swap between best curr 36.228 swap 36.3204 best 36.228
swap between best curr 36.098 swap 36.228 best 36.098
swap between best curr 36.0512 swap 36.098 best 36.0512
swap between best curr 35.8658 swap 36.0512 best 35.8658
swap between best curr 33.8635 swap 35.8658 best 33.8635
swap between best curr 32.7123 swap 33.8635 best 32.7123
totalE 700157.227300 extE 699993.000000 
totalE 700157.227300 extE 699993.000000 
totalE 700157.227300 extE 699993.000000 
totalE 700157.227300 extE 699993.000000 
totalE 700157.227300 extE 699993.000000 
totalE 700157.227300 extE 699993.000000 
totalE 700157.227300 extE 699993.000000 
totalE 700157.227300 extE 699993.000000 
totalE 700157.227300 extE 699993.000000 
totalE 46.486699 extE 28.120780 
totalE 46.486699 extE 28.120780 
best target energy 32.7123
The program has successfully finished in 1 seconds. :)  Bye-bye!
ramaprob initialise success 
transpoints initialise success with 236 transpoints 
grid box initialise succuss 75 51 65 
