found external potential parameters 1 
found external potential parameters 4 
setting constrained list file constrains
Building protein from sequence: ABCDEFGHIGKLMNGPQRSTGVWGYZ.
Building protein from sequence: ABCDEFGHIGKLMNGPQRSTGVWGYZ (26 amino acids, 1 chains).
ABCDEFGHIGKLMNGPQRSTGVWGYZ 26
Building protein from sequence: cyiqncn.
Building protein from sequence: cyiqncn (7 amino acids, 1 chains).
cyiqncn 7
AD Grid maps initialisation finished 
1marking constrained amino acids from file constrains
Constraining amino acids: 1
WARNING! Contact map file 'NULL' given, so no bias interactions will be calculated.
0 0 0 0 0 0 0  aaa 1 99999 
 aaa 2 99999 
 aaa 3 99999 
 aaa 4 99999 
 aaa 5 99999 
 aaa 6 99999 
 aaa 7 99999 
SS Energy diag offdiag 699993 99999 99999 99999 99999 99999 99999 99999 
699993 
0 125.518 
0 0.0229412 1.74684 
0 -0.632507 -0.221354 2.37683 
0 -0.00134536 -0.0364193 -0.209776 1.7466 
0 0 0 0.101169 -0.251282 1.78956 
0 0 0 -0.000120035 0.0950193 -0.221116 31.764 
0 0 0 0 -0.000106541 -0.0443434 -0.233904 0.761556 
initial transmutate ACYIQNCN 
transmutate!!! 135.634 124.432 108.566
transmutate!!! 135.634 124.432 108.566
begin run with pace 1 stretch 2500 
699993 99999 99999 99999 99999 99999 99999 99999 
699993 
0 125.518 
0 0.0229412 1.74684 
0 -0.632507 -0.221354 2.37683 
0 -0.00134536 -0.0364193 -0.209776 1.7466 
0 0 0 0.101169 -0.251282 1.78956 
0 0 0 -0.000120035 0.0950193 -0.221116 31.764 
0 0 0 0 -0.000106541 -0.0443434 -0.233904 0.761556 
creating MC move lookup table.
Sequence:    CYIQNCN
Fixed:              
Constrained: x      
Chain:       1111111
len 1 bonds, Nchains 1:*0 x1 x2 x3 x4 x5 x6 x7 8+0 != (8-1+(1-0)*1

len 2 bonds, Nchains 1:*0 x1 x2 x3 x4 x5 x6 7+0 != (8-1+(1-1)*1
-1 
len 3 bonds, Nchains 1:*0 x1 x2 x3 x4 x5 6+0 != (8-1+(1-2)*1
-1 -1 
len 4 bonds, Nchains 1:*0 x1 x2 x3 x4 5+0 != (8-1+(1-3)*1
-1 -1 -1 
swap in best curr 227.92 swap 9999 best 99999
swap in best curr 216.939 swap 9999 best 227.92
swap between best curr 209.13 swap 227.92 best 209.13
swap between best curr 205.55 swap 209.13 best 205.55
swap between best curr 205.508 swap 205.55 best 205.508
swap between best curr 205.233 swap 205.508 best 205.233
swap between best curr 204.267 swap 205.233 best 204.267
swap between best curr 203.737 swap 204.267 best 203.737
swap between best curr 200.12 swap 203.737 best 200.12
swap between best curr 199.139 swap 200.12 best 199.139
swap between best curr 191.658 swap 199.139 best 191.658
swap between best curr 190.038 swap 191.658 best 190.038
swap between best curr 188.431 swap 190.038 best 188.431
swap between best curr 187.548 swap 188.431 best 187.548
swap between best curr 185.699 swap 187.548 best 185.699
swap between best curr 182.356 swap 185.699 best 182.356
swap in best curr 175.796 swap 9999 best 182.356
swap in best curr 175.317 swap 9999 best 175.796
swap between best curr 174.4 swap 175.796 best 174.4
swap between best curr 173.827 swap 174.4 best 173.827
swap between best curr 147.548 swap 173.827 best 147.548
swap between best curr 130.757 swap 147.548 best 130.757
swap between best curr 126.256 swap 130.757 best 126.256
swap between best curr 122.148 swap 126.256 best 122.148
swap between best curr 113.867 swap 122.148 best 113.867
swap between best curr 106.886 swap 113.867 best 106.886
swap between best curr 106.342 swap 106.886 best 106.342
swap between best curr 105.804 swap 106.342 best 105.804
swap between best curr 103.329 swap 105.804 best 103.329
swap between best curr 101.216 swap 103.329 best 101.216
swap between best curr 98.3191 swap 101.216 best 98.3191
swap between best curr 95.9813 swap 98.3191 best 95.9813
swap between best curr 94.3157 swap 95.9813 best 94.3157
swap in best curr 90.905 swap 9999 best 94.3157
swap in best curr 87.7081 swap 9999 best 90.905
swap between best curr 87.2625 swap 90.905 best 87.2625
swap between best curr 86.3235 swap 87.2625 best 86.3235
swap between best curr 86.0645 swap 86.3235 best 86.0645
swap between best curr 85.8324 swap 86.0645 best 85.8324
swap between best curr 83.8815 swap 85.8324 best 83.8815
swap between best curr 82.9453 swap 83.8815 best 82.9453
swap between best curr 81.5274 swap 82.9453 best 81.5274
swap between best curr 81.2309 swap 81.5274 best 81.2309
swap between best curr 80.1853 swap 81.2309 best 80.1853
swap between best curr 79.9446 swap 80.1853 best 79.9446
swap between best curr 79.7677 swap 79.9446 best 79.7677
swap between best curr 79.1705 swap 79.7677 best 79.1705
swap between best curr 78.8378 swap 79.1705 best 78.8378
swap between best curr 78.6876 swap 78.8378 best 78.6876
swap between best curr 77.925 swap 78.6876 best 77.925
swap between best curr 76.9733 swap 77.925 best 76.9733
swap between best curr 68.6858 swap 76.9733 best 68.6858
swap between best curr 64.1762 swap 68.6858 best 64.1762
swap between best curr 63.7326 swap 64.1762 best 63.7326
swap between best curr 63.1168 swap 63.7326 best 63.1168
swap between best curr 63.0323 swap 63.1168 best 63.0323
swap between best curr 63.022 swap 63.0323 best 63.022
swap between best curr 63.0113 swap 63.022 best 63.0113
totalE 700157.070730 extE 699993.000000 
totalE 700157.070730 extE 699993.000000 
totalE 700157.070730 extE 699993.000000 
totalE 700157.070730 extE 699993.000000 
totalE 700157.070730 extE 699993.000000 
totalE 82.203852 extE 56.613797 
totalE 117.090003 extE 86.724290 
totalE 117.090003 extE 86.724290 
totalE 266.459887 extE 154.321464 
totalE 266.459887 extE 154.321464 
totalE 82.203852 extE 56.613797 
best target energy 63.0113
The program has successfully finished in 1 seconds. :)  Bye-bye!
ramaprob initialise success 
transpoints initialise success with 236 transpoints 
grid box initialise succuss 75 51 65 
