found external potential parameters 1 
found external potential parameters 4 
setting constrained list file constrains
Building protein from sequence: ABCDEFGHIGKLMNGPQRSTGVWGYZ.
Building protein from sequence: ABCDEFGHIGKLMNGPQRSTGVWGYZ (26 amino acids, 1 chains).
ABCDEFGHIGKLMNGPQRSTGVWGYZ 26
Building protein from sequence: cyiqncn.
Building protein from sequence: cyiqncn (7 amino acids, 1 chains).
cyiqncn 7
AD Grid maps initialisation finished 
1marking constrained amino acids from file constrains
Constraining amino acids: 1
WARNING! Contact map file 'NULL' given, so no bias interactions will be calculated.
0 0 0 0 0 0 0  aaa 1 99999 
 aaa 2 99999 
 aaa 3 99999 
 aaa 4 99999 
 aaa 5 99999 
 aaa 6 99999 
 aaa 7 99999 
SS Energy diag offdiag 699993 99999 99999 99999 99999 99999 99999 99999 
699993 
0 125.518 
0 0.0229412 1.74684 
0 -0.632507 -0.221354 2.37683 
0 -0.00134536 -0.0493217 -0.230594 1.75934 
0 0 0 0.101169 -0.19756 1.78956 
0 0 0 -0.000120035 -0.0599485 -0.221116 31.764 
0 0 0 0 0 -0.0443434 -0.233904 0.761556 
initial transmutate ACYIQNCN 
transmutate!!! 149.634 118.432 92.566
transmutate!!! 149.634 118.432 92.566
begin run with pace 1 stretch 2500 
699993 99999 99999 99999 99999 99999 99999 99999 
699993 
0 125.518 
0 0.0229412 1.74684 
0 -0.632507 -0.221354 2.37683 
0 -0.00134536 -0.0493217 -0.230594 1.75934 
0 0 0 0.101169 -0.19756 1.78956 
0 0 0 -0.000120035 -0.0599485 -0.221116 31.764 
0 0 0 0 0 -0.0443434 -0.233904 0.761556 
creating MC move lookup table.
Sequence:    CYIQNCN
Fixed:              
Constrained: x      
Chain:       1111111
len 1 bonds, Nchains 1:*0 x1 x2 x3 x4 x5 x6 x7 8+0 != (8-1+(1-0)*1

len 2 bonds, Nchains 1:*0 x1 x2 x3 x4 x5 x6 7+0 != (8-1+(1-1)*1
-1 
len 3 bonds, Nchains 1:*0 x1 x2 x3 x4 x5 6+0 != (8-1+(1-2)*1
-1 -1 
len 4 bonds, Nchains 1:*0 x1 x2 x3 x4 5+0 != (8-1+(1-3)*1
-1 -1 -1 
swap in best curr 90.8875 swap 9999 best 99999
swap in best curr 83.5279 swap 9999 best 90.8875
swap between best curr 82.5481 swap 90.8875 best 82.5481
swap between best curr 79.2053 swap 82.5481 best 79.2053
swap between best curr 79.0722 swap 79.2053 best 79.0722
swap between best curr 78.164 swap 79.0722 best 78.164
swap between best curr 77.8596 swap 78.164 best 77.8596
swap between best curr 72.7208 swap 77.8596 best 72.7208
swap between best curr 72.0702 swap 72.7208 best 72.0702
swap between best curr 70.2463 swap 72.0702 best 70.2463
swap between best curr 70.0478 swap 70.2463 best 70.0478
swap between best curr 69.8067 swap 70.0478 best 69.8067
swap between best curr 65.8552 swap 69.8067 best 65.8552
swap between best curr 65.5373 swap 65.8552 best 65.5373
swap between best curr 57.1835 swap 65.5373 best 57.1835
swap between best curr 56.9431 swap 57.1835 best 56.9431
swap between best curr 56.723 swap 56.9431 best 56.723
swap between best curr 55.5383 swap 56.723 best 55.5383
swap between best curr 54.33 swap 55.5383 best 54.33
swap between best curr 52.8928 swap 54.33 best 52.8928
swap between best curr 51.3339 swap 52.8928 best 51.3339
swap between best curr 49.8387 swap 51.3339 best 49.8387
swap between best curr 49.1849 swap 49.8387 best 49.1849
swap between best curr 48.7958 swap 49.1849 best 48.7958
swap between best curr 48.5469 swap 48.7958 best 48.5469
swap between best curr 47.7417 swap 48.5469 best 47.7417
swap between best curr 47.3567 swap 47.7417 best 47.3567
swap between best curr 46.8537 swap 47.3567 best 46.8537
swap between best curr 46.7208 swap 46.8537 best 46.7208
swap between best curr 46.1703 swap 46.7208 best 46.1703
swap between best curr 45.1307 swap 46.1703 best 45.1307
swap between best curr 44.9291 swap 45.1307 best 44.9291
swap between best curr 44.8114 swap 44.9291 best 44.8114
swap between best curr 43.9715 swap 44.8114 best 43.9715
swap between best curr 43.8661 swap 43.9715 best 43.8661
swap between best curr 42.8004 swap 43.8661 best 42.8004
swap between best curr 42.4906 swap 42.8004 best 42.4906
swap between best curr 37.7823 swap 42.4906 best 37.7823
swap between best curr 37.3158 swap 37.7823 best 37.3158
swap between best curr 37.1329 swap 37.3158 best 37.1329
swap between best curr 36.5828 swap 37.1329 best 36.5828
swap between best curr 36.2629 swap 36.5828 best 36.2629
swap between best curr 33.3176 swap 36.2629 best 33.3176
swap between best curr 32.8415 swap 33.3176 best 32.8415
swap between best curr 31.4283 swap 32.8415 best 31.4283
swap between best curr 31.2335 swap 31.4283 best 31.2335
swap between best curr 29.6084 swap 31.2335 best 29.6084
swap between best curr 23.0614 swap 29.6084 best 23.0614
swap between best curr 22.3284 swap 23.0614 best 22.3284
swap between best curr 22.2051 swap 22.3284 best 22.2051
swap between best curr 21.2422 swap 22.2051 best 21.2422
swap between best curr 20.1736 swap 21.2422 best 20.1736
swap between best curr 19.2896 swap 20.1736 best 19.2896
swap between best curr 19.1233 swap 19.2896 best 19.1233
swap between best curr 18.6522 swap 19.1233 best 18.6522
swap between best curr 16.918 swap 18.6522 best 16.918
swap between best curr 15.9455 swap 16.918 best 15.9455
swap between best curr 15.6966 swap 15.9455 best 15.6966
swap between best curr 15.6665 swap 15.6966 best 15.6665
swap between best curr 14.2474 swap 15.6665 best 14.2474
swap between best curr 13.2715 swap 14.2474 best 13.2715
swap between best curr 12.7697 swap 13.2715 best 12.7697
swap between best curr 11.626 swap 12.7697 best 11.626
swap between best curr 11.423 swap 11.626 best 11.423
swap between best curr 10.6598 swap 11.423 best 10.6598
swap between best curr 10.3699 swap 10.6598 best 10.3699
swap between best curr 7.09611 swap 10.3699 best 7.09611
swap between best curr 6.78866 swap 7.09611 best 6.78866
swap between best curr 6.64277 swap 6.78866 best 6.64277
swap between best curr 5.81864 swap 6.64277 best 5.81864
swap between best curr 5.59041 swap 5.81864 best 5.59041
swap between best curr 5.54794 swap 5.59041 best 5.54794
swap between best curr 5.12836 swap 5.54794 best 5.12836
swap between best curr 4.74461 swap 5.12836 best 4.74461
swap between best curr 4.73474 swap 4.74461 best 4.73474
swap between best curr 3.95914 swap 4.73474 best 3.95914
swap between best curr 3.87508 swap 3.95914 best 3.87508
swap between best curr 2.5696 swap 3.87508 best 2.5696
swap between best curr 1.98273 swap 2.5696 best 1.98273
swap between best curr 1.67992 swap 1.98273 best 1.67992
swap between best curr 1.4192 swap 1.67992 best 1.4192
swap between best curr 1.13293 swap 1.4192 best 1.13293
swap between best curr 0.238481 swap 1.13293 best 0.238481
swap between best curr -0.0449364 swap 0.238481 best -0.0449364
totalE 23.885668 extE -8.021804 
swap between best curr -0.333651 swap -0.0449364 best -0.333651
totalE 22.973775 extE -8.102793 
swap between best curr -0.426881 swap -0.333651 best -0.426881
totalE 22.790203 extE -8.165909 
swap between best curr -0.452676 swap -0.426881 best -0.452676
totalE 23.021355 extE -8.277353 
swap between best curr -1.09567 swap -0.452676 best -1.09567
totalE 21.429145 extE -8.603947 
swap between best curr -1.16395 swap -1.09567 best -1.16395
totalE 21.885930 extE -8.847238 
swap between best curr -1.20801 swap -1.16395 best -1.20801
totalE 20.022784 extE -8.284942 
swap between best curr -1.33226 swap -1.20801 best -1.33226
totalE 19.898539 extE -8.409187 
swap between best curr -1.45007 swap -1.33226 best -1.45007
totalE 19.323375 extE -8.374545 
swap between best curr -1.47116 swap -1.45007 best -1.47116
totalE 19.302277 extE -8.395643 
swap between best curr -2.17051 swap -1.47116 best -2.17051
totalE 18.591944 extE -9.091328 
swap between best curr -2.45396 swap -2.17051 best -2.45396
totalE 17.926914 extE -9.247580 
swap between best curr -2.60014 swap -2.45396 best -2.60014
totalE 17.980459 extE -9.460341 
swap between best curr -2.61473 swap -2.60014 best -2.61473
totalE 17.468414 extE -9.309116 
swap between best curr -3.40855 swap -2.61473 best -3.40855
totalE 16.716901 extE -10.117029 
swap between best curr -3.72197 swap -3.40855 best -3.72197
totalE 16.307574 extE -10.398483 
swap between best curr -3.8909 swap -3.72197 best -3.8909
totalE 16.115857 extE -10.559818 
swap between best curr -3.96386 swap -3.8909 best -3.96386
totalE 15.678598 extE -10.511340 
swap between best curr -4.21869 swap -3.96386 best -4.21869
totalE 15.201975 extE -10.692251 
swap between best curr -5.35386 swap -4.21869 best -5.35386
totalE 10.673804 extE -10.696409 
swap between best curr -5.52541 swap -5.35386 best -5.52541
totalE 11.001381 extE -11.034342 
swap between best curr -5.59245 swap -5.52541 best -5.59245
totalE 7.933025 extE -10.100944 
swap between best curr -6.05804 swap -5.59245 best -6.05804
totalE 7.782964 extE -10.671706 
swap between best curr -6.32059 swap -6.05804 best -6.32059
totalE 7.121562 extE -10.801309 
swap between best curr -6.57552 swap -6.32059 best -6.57552
totalE 6.866631 extE -11.056240 
swap between best curr -6.57767 swap -6.57552 best -6.57767
totalE 6.099390 extE -10.803362 
swap between best curr -6.71152 swap -6.57767 best -6.71152
totalE 5.839257 extE -10.895108 
swap between best curr -7.15647 swap -6.71152 best -7.15647
totalE 5.058573 extE -11.228149 
swap between best curr -7.3897 swap -7.15647 best -7.3897
totalE 4.825339 extE -11.461383 
swap between best curr -7.54437 swap -7.3897 best -7.54437
totalE 3.387283 extE -11.188254 
swap between best curr -7.72641 swap -7.54437 best -7.72641
totalE 2.866858 extE -11.257495 
swap between best curr -7.78554 swap -7.72641 best -7.78554
totalE 2.807725 extE -11.316628 
swap between best curr -8.02813 swap -7.78554 best -8.02813
totalE 2.762877 extE -11.625132 
swap between best curr -8.58933 swap -8.02813 best -8.58933
totalE 2.158904 extE -12.172069 
swap between best curr -8.82891 swap -8.58933 best -8.82891
totalE 0.856167 extE -12.057263 
swap between best curr -8.98253 swap -8.82891 best -8.98253
totalE -0.015508 extE -11.971539 
swap between best curr -9.07922 swap -8.98253 best -9.07922
totalE -0.471035 extE -11.948610 
swap between best curr -9.534 swap -9.07922 best -9.534
totalE -0.853903 extE -12.427371 
swap in good curr -5.92226 swap 9999 best -9.534
swap between good curr -6.32242 swap -5.92226 best -9.534
swap between good curr -6.36677 swap -6.32242 best -9.534
swap between good curr -6.42312 swap -6.36677 best -9.534
swap between good curr -6.5369 swap -6.42312 best -9.534
swap between good curr -6.56128 swap -6.5369 best -9.534
swap between good curr -6.64976 swap -6.56128 best -9.534
swap between good curr -6.77139 swap -6.64976 best -9.534
swap between good curr -6.85749 swap -6.77139 best -9.534
swap between good curr -7.70221 swap -6.85749 best -9.534
swap between good curr -8.37606 swap -7.70221 best -9.534
swap between good curr -8.53135 swap -8.37606 best -9.534
swap between good curr -8.61803 swap -8.53135 best -9.534
swap between good curr -8.85264 swap -8.61803 best -9.534
swap between good curr -9.16831 swap -8.85264 best -9.534
swap between good curr -9.18675 swap -9.16831 best -9.534
swap between good curr -9.22652 swap -9.18675 best -9.534
swap between good curr -9.27723 swap -9.22652 best -9.534
swap between best curr -9.65798 swap -9.27723 best -9.65798
totalE 0.814685 extE -13.148873 
swap between best curr -9.80972 swap -9.65798 best -9.80972
totalE 0.984172 extE -13.407680 
swap between best curr -9.91702 swap -9.80972 best -9.91702
totalE 1.121725 extE -13.596597 
swap between best curr -9.93292 swap -9.91702 best -9.93292
totalE 1.466751 extE -13.732805 
swap between best curr -10.19 swap -9.93292 best -10.19
totalE 2.227949 extE -14.329349 
swap between best curr -10.2265 swap -10.19 best -10.2265
totalE 2.258574 extE -14.388149 
swap between best curr -10.4667 swap -10.2265 best -10.4667
totalE 0.591210 extE -14.152616 
swap between best curr -10.5424 swap -10.4667 best -10.5424
totalE 0.423306 extE -14.197616 
swap between best curr -10.5749 swap -10.5424 best -10.5749
totalE 0.251396 extE -14.183642 
swap between best curr -10.7734 swap -10.5749 best -10.7734
totalE -0.240985 extE -14.284254 
totalE 700156.948609 extE 699993.000000 
totalE 700156.948609 extE 699993.000000 
totalE 700156.948609 extE 699993.000000 
totalE 700156.948609 extE 699993.000000 
totalE 700156.948609 extE 699993.000000 
totalE 700156.948609 extE 699993.000000 
totalE 700156.948609 extE 699993.000000 
totalE 700156.948609 extE 699993.000000 
totalE -0.240985 extE -14.284254 
totalE -0.853903 extE -12.427371 
totalE -0.240985 extE -14.284254 
best target energy -10.7734
The program has successfully finished in 1 seconds. :)  Bye-bye!
ramaprob initialise success 
transpoints initialise success with 236 transpoints 
grid box initialise succuss 75 51 65 
