found external potential parameters 1 
found external potential parameters 4 
setting constrained list file constrains
Building protein from sequence: ABCDEFGHIGKLMNGPQRSTGVWGYZ.
Building protein from sequence: ABCDEFGHIGKLMNGPQRSTGVWGYZ (26 amino acids, 1 chains).
ABCDEFGHIGKLMNGPQRSTGVWGYZ 26
Building protein from sequence: cyiqncw.
Building protein from sequence: cyiqncw (7 amino acids, 1 chains).
cyiqncw 7
AD Grid maps initialisation finished 
1marking constrained amino acids from file constrains
Constraining amino acids: 1
WARNING! Contact map file 'NULL' given, so no bias interactions will be calculated.
0 0 0 0 0 0 0  aaa 1 99999 
 aaa 2 99999 
 aaa 3 99999 
 aaa 4 99999 
 aaa 5 99999 
 aaa 6 99999 
 aaa 7 99999 
SS Energy diag offdiag 699993 99999 99999 99999 99999 99999 99999 99999 
699993 
0 125.518 
0 0.0229411 1.74684 
0 -0.632507 -0.221354 2.37683 
0 -0.00134536 -0.0467059 -0.22215 1.76045 
0 0 0 0.101169 -0.189485 1.78956 
0 0 0 -0.000120036 -0.0601288 -0.221115 31.764 
0 0 0 0 0 0.174462 -0.247177 0.733478 
initial transmutate ACYIQNCW 
transmutate!!! 142.634 111.432 110.566
transmutate!!! 142.634 111.432 110.566
begin run with pace 1 stretch 2500 
699993 99999 99999 99999 99999 99999 99999 99999 
699993 
0 125.518 
0 0.0229411 1.74684 
0 -0.632507 -0.221354 2.37683 
0 -0.00134536 -0.0467059 -0.22215 1.76045 
0 0 0 0.101169 -0.189485 1.78956 
0 0 0 -0.000120036 -0.0601288 -0.221115 31.764 
0 0 0 0 0 0.174462 -0.247177 0.733478 
creating MC move lookup table.
Sequence:    CYIQNCW
Fixed:              
Constrained: x      
Chain:       1111111
len 1 bonds, Nchains 1:*0 x1 x2 x3 x4 x5 x6 x7 8+0 != (8-1+(1-0)*1

len 2 bonds, Nchains 1:*0 x1 x2 x3 x4 x5 x6 7+0 != (8-1+(1-1)*1
-1 
len 3 bonds, Nchains 1:*0 x1 x2 x3 x4 x5 6+0 != (8-1+(1-2)*1
-1 -1 
len 4 bonds, Nchains 1:*0 x1 x2 x3 x4 5+0 != (8-1+(1-3)*1
-1 -1 -1 
swap in best curr 139.972 swap 9999 best 99999
swap in best curr 123.215 swap 9999 best 139.972
swap between best curr 109.639 swap 139.972 best 109.639
swap between best curr 96.7928 swap 109.639 best 96.7928
swap between best curr 96.6361 swap 96.7928 best 96.6361
swap between best curr 95.6357 swap 96.6361 best 95.6357
swap between best curr 95.4813 swap 95.6357 best 95.4813
swap between best curr 92.0817 swap 95.4813 best 92.0817
swap between best curr 91.8491 swap 92.0817 best 91.8491
swap between best curr 81.9659 swap 91.8491 best 81.9659
swap between best curr 72.2964 swap 81.9659 best 72.2964
swap between best curr 70.31 swap 72.2964 best 70.31
swap between best curr 69.0982 swap 70.31 best 69.0982
swap between best curr 66.635 swap 69.0982 best 66.635
swap between best curr 66.4886 swap 66.635 best 66.4886
swap between best curr 65.974 swap 66.4886 best 65.974
swap between best curr 52.9331 swap 65.974 best 52.9331
swap between best curr 50.2547 swap 52.9331 best 50.2547
swap between best curr 48.4817 swap 50.2547 best 48.4817
swap between best curr 47.9342 swap 48.4817 best 47.9342
swap between best curr 45.8876 swap 47.9342 best 45.8876
swap between best curr 44.4921 swap 45.8876 best 44.4921
swap between best curr 42.2195 swap 44.4921 best 42.2195
swap between best curr 41.8677 swap 42.2195 best 41.8677
swap between best curr 41.7553 swap 41.8677 best 41.7553
swap between best curr 38.5394 swap 41.7553 best 38.5394
swap between best curr 35.9228 swap 38.5394 best 35.9228
swap between best curr 35.3062 swap 35.9228 best 35.3062
swap between best curr 34.4907 swap 35.3062 best 34.4907
swap between best curr 33.0042 swap 34.4907 best 33.0042
swap between best curr 32.9515 swap 33.0042 best 32.9515
swap between best curr 32.4019 swap 32.9515 best 32.4019
swap between best curr 32.1075 swap 32.4019 best 32.1075
swap between best curr 31.9451 swap 32.1075 best 31.9451
swap between best curr 30.8472 swap 31.9451 best 30.8472
swap between best curr 30.3811 swap 30.8472 best 30.3811
swap between best curr 26.0514 swap 30.3811 best 26.0514
swap between best curr 26.0288 swap 26.0514 best 26.0288
swap between best curr 25.2612 swap 26.0288 best 25.2612
swap between best curr 23.3106 swap 25.2612 best 23.3106
swap between best curr 22.8486 swap 23.3106 best 22.8486
swap between best curr 22.4234 swap 22.8486 best 22.4234
swap between best curr 22.2336 swap 22.4234 best 22.2336
swap between best curr 22.0823 swap 22.2336 best 22.0823
swap between best curr 21.5902 swap 22.0823 best 21.5902
swap between best curr 21.1019 swap 21.5902 best 21.1019
swap between best curr 21.0602 swap 21.1019 best 21.0602
swap between best curr 21.02 swap 21.0602 best 21.02
swap between best curr 20.9977 swap 21.02 best 20.9977
swap between best curr 20.4735 swap 20.9977 best 20.4735
swap between best curr 19.3978 swap 20.4735 best 19.3978
swap between best curr 17.7414 swap 19.3978 best 17.7414
swap in best curr 16.4979 swap 9999 best 17.7414
swap in best curr 15.9859 swap 9999 best 16.4979
swap between good curr 16.3237 swap 16.4979 best 15.9859
swap between best curr 15.8217 swap 16.3237 best 15.8217
totalE 700157.146132 extE 699993.000000 
totalE 700157.146132 extE 699993.000000 
totalE 700157.146132 extE 699993.000000 
totalE 700157.146132 extE 699993.000000 
totalE 700157.146132 extE 699993.000000 
totalE 700157.146132 extE 699993.000000 
totalE 700157.146132 extE 699993.000000 
totalE 27.610677 extE 11.892075 
totalE 41.195281 extE 9.923399 
totalE 41.195281 extE 9.923399 
totalE 27.610677 extE 11.892075 
best target energy 15.8217
The program has successfully finished in 1 seconds. :)  Bye-bye!
ramaprob initialise success 
transpoints initialise success with 236 transpoints 
grid box initialise succuss 75 51 65 
