found external potential parameters 1 
found external potential parameters 4 
setting constrained list file constrains
Building protein from sequence: ABCDEFGHIGKLMNGPQRSTGVWGYZ.
Building protein from sequence: ABCDEFGHIGKLMNGPQRSTGVWGYZ (26 amino acids, 1 chains).
ABCDEFGHIGKLMNGPQRSTGVWGYZ 26
Building protein from sequence: cyiqnch.
Building protein from sequence: cyiqnch (7 amino acids, 1 chains).
cyiqnch 7
AD Grid maps initialisation finished 
1marking constrained amino acids from file constrains
Constraining amino acids: 1
WARNING! Contact map file 'NULL' given, so no bias interactions will be calculated.
0 0 0 0 0 0 0  aaa 1 99999 
 aaa 2 99999 
 aaa 3 99999 
 aaa 4 99999 
 aaa 5 99999 
 aaa 6 99999 
 aaa 7 99999 
SS Energy diag offdiag 699993 99999 99999 99999 99999 99999 99999 99999 
699993 
0 125.518 
0 0.0229412 1.74684 
0 -0.632507 -0.221354 2.37683 
0 -0.00154952 -0.0567446 -0.25159 1.74864 
0 0 0 0.101169 -0.194459 1.78956 
0 0 0 -0.000120035 -0.0613422 -0.221116 31.764 
0 0 0 0 0 -0.0391648 -0.211812 0.741775 
initial transmutate ACYIQNCH 
transmutate!!! 139.634 121.432 107.566
transmutate!!! 139.634 121.432 107.566
begin run with pace 1 stretch 2500 
699993 99999 99999 99999 99999 99999 99999 99999 
699993 
0 125.518 
0 0.0229412 1.74684 
0 -0.632507 -0.221354 2.37683 
0 -0.00154952 -0.0567446 -0.25159 1.74864 
0 0 0 0.101169 -0.194459 1.78956 
0 0 0 -0.000120035 -0.0613422 -0.221116 31.764 
0 0 0 0 0 -0.0391648 -0.211812 0.741775 
creating MC move lookup table.
Sequence:    CYIQNCH
Fixed:              
Constrained: x      
Chain:       1111111
len 1 bonds, Nchains 1:*0 x1 x2 x3 x4 x5 x6 x7 8+0 != (8-1+(1-0)*1

len 2 bonds, Nchains 1:*0 x1 x2 x3 x4 x5 x6 7+0 != (8-1+(1-1)*1
-1 
len 3 bonds, Nchains 1:*0 x1 x2 x3 x4 x5 6+0 != (8-1+(1-2)*1
-1 -1 
len 4 bonds, Nchains 1:*0 x1 x2 x3 x4 5+0 != (8-1+(1-3)*1
-1 -1 -1 
swap in best curr 86.829 swap 9999 best 99999
swap in good curr 90.2634 swap 9999 best 86.829
swap between good curr 89.8885 swap 90.2634 best 86.829
swap between good curr 88.7549 swap 89.8885 best 86.829
swap between good curr 87.5923 swap 88.7549 best 86.829
swap between best curr 86.3248 swap 87.5923 best 86.3248
swap between best curr 85.9555 swap 86.3248 best 85.9555
swap between best curr 85.7776 swap 85.9555 best 85.7776
swap between best curr 80.8366 swap 85.7776 best 80.8366
swap between best curr 79.6968 swap 80.8366 best 79.6968
swap between best curr 78.2835 swap 79.6968 best 78.2835
swap in best curr 70.0034 swap 9999 best 78.2835
swap in best curr 68.0972 swap 9999 best 70.0034
swap between good curr 68.1393 swap 70.0034 best 68.0972
swap between best curr 67.6371 swap 68.1393 best 67.6371
swap between best curr 67.303 swap 67.6371 best 67.303
swap between best curr 67.2052 swap 67.303 best 67.2052
swap between best curr 63.5518 swap 67.2052 best 63.5518
swap between best curr 61.1148 swap 63.5518 best 61.1148
swap between best curr 57.8529 swap 61.1148 best 57.8529
swap between best curr 55.3016 swap 57.8529 best 55.3016
swap between best curr 51.795 swap 55.3016 best 51.795
swap between best curr 51.7005 swap 51.795 best 51.7005
swap between best curr 49.8514 swap 51.7005 best 49.8514
swap between best curr 33.3152 swap 49.8514 best 33.3152
swap between best curr 31.5155 swap 33.3152 best 31.5155
swap between best curr 30.6065 swap 31.5155 best 30.6065
swap in best curr 20.2313 swap 9999 best 30.6065
swap in best curr 12.4112 swap 9999 best 20.2313
swap between best curr 10.364 swap 20.2313 best 10.364
swap between best curr 10.0764 swap 10.364 best 10.0764
swap between best curr 9.89147 swap 10.0764 best 9.89147
swap between best curr 2.16689 swap 9.89147 best 2.16689
swap between best curr 1.13267 swap 2.16689 best 1.13267
swap between best curr 1.10206 swap 1.13267 best 1.10206
swap between best curr -0.486955 swap 1.10206 best -0.486955
totalE 6.902539 extE -2.950120 
swap between best curr -2.51706 swap -0.486955 best -2.51706
totalE 5.182702 extE -5.083649 
swap between best curr -6.35951 swap -2.51706 best -6.35951
totalE 1.340254 extE -8.926096 
swap between best curr -7.43484 swap -6.35951 best -7.43484
totalE 0.264921 extE -10.001429 
swap between best curr -7.73141 swap -7.43484 best -7.73141
totalE -0.031648 extE -10.297999 
swap between best curr -9.1313 swap -7.73141 best -9.1313
totalE -1.431539 extE -11.697889 
swap between best curr -9.4117 swap -9.1313 best -9.4117
totalE -1.711935 extE -11.978285 
swap between best curr -9.44019 swap -9.4117 best -9.44019
totalE -1.740428 extE -12.006779 
swap between best curr -9.57608 swap -9.44019 best -9.57608
totalE -1.876313 extE -12.142663 
swap between best curr -9.7074 swap -9.57608 best -9.7074
totalE -2.007634 extE -12.273985 
swap between best curr -9.73465 swap -9.7074 best -9.73465
totalE -0.951484 extE -12.662372 
swap between best curr -9.73668 swap -9.73465 best -9.73668
totalE -0.953509 extE -12.664397 
swap between best curr -9.74276 swap -9.73668 best -9.74276
totalE 3.586450 extE -14.185834 
swap in good curr -6.34692 swap 9999 best -9.74276
swap between good curr -6.48739 swap -6.34692 best -9.74276
swap between good curr -6.50013 swap -6.48739 best -9.74276
swap between good curr -6.7766 swap -6.50013 best -9.74276
swap between good curr -7.10666 swap -6.7766 best -9.74276
totalE 700156.918492 extE 699993.000000 
totalE 700156.918492 extE 699993.000000 
totalE 700156.918492 extE 699993.000000 
totalE 700156.918492 extE 699993.000000 
totalE 4.227473 extE -10.884702 
totalE 3.586450 extE -14.185834 
totalE 56.908424 extE 21.839188 
totalE 56.908424 extE 21.839188 
totalE 174.923728 extE 46.070088 
totalE 174.923728 extE 46.070088 
totalE 3.586450 extE -14.185834 
best target energy -9.74276
The program has successfully finished in 1 seconds. :)  Bye-bye!
ramaprob initialise success 
transpoints initialise success with 236 transpoints 
grid box initialise succuss 75 51 65 
