found external potential parameters 1 
found external potential parameters 4 
setting constrained list file constrains
Building protein from sequence: ABCDEFGHIGKLMNGPQRSTGVWGYZ.
Building protein from sequence: ABCDEFGHIGKLMNGPQRSTGVWGYZ (26 amino acids, 1 chains).
ABCDEFGHIGKLMNGPQRSTGVWGYZ 26
Building protein from sequence: cyiqnce.
Building protein from sequence: cyiqnce (7 amino acids, 1 chains).
cyiqnce 7
AD Grid maps initialisation finished 
1marking constrained amino acids from file constrains
Constraining amino acids: 1
WARNING! Contact map file 'NULL' given, so no bias interactions will be calculated.
0 0 0 0 0 0 0  aaa 1 99999 
 aaa 2 99999 
 aaa 3 99999 
 aaa 4 99999 
 aaa 5 99999 
 aaa 6 99999 
 aaa 7 99999 
SS Energy diag offdiag 699993 99999 99999 99999 99999 99999 99999 99999 
699993 
0 125.518 
0 0.0229411 1.74684 
0 -0.632507 -0.221354 2.37683 
0 -0.00235605 -0.103503 -0.202948 1.75745 
0 0 0 0.101169 -0.190122 1.78956 
0 0 0 -0.000120036 -0.0596345 -0.221115 31.764 
0 0 0 0 0 -0.0457255 -0.242077 0.731742 
initial transmutate ACYIQNCE 
transmutate!!! 137.634 116.432 100.566
transmutate!!! 137.634 116.432 100.566
begin run with pace 1 stretch 2500 
699993 99999 99999 99999 99999 99999 99999 99999 
699993 
0 125.518 
0 0.0229411 1.74684 
0 -0.632507 -0.221354 2.37683 
0 -0.00235605 -0.103503 -0.202948 1.75745 
0 0 0 0.101169 -0.190122 1.78956 
0 0 0 -0.000120036 -0.0596345 -0.221115 31.764 
0 0 0 0 0 -0.0457255 -0.242077 0.731742 
creating MC move lookup table.
Sequence:    CYIQNCE
Fixed:              
Constrained: x      
Chain:       1111111
len 1 bonds, Nchains 1:*0 x1 x2 x3 x4 x5 x6 x7 8+0 != (8-1+(1-0)*1

len 2 bonds, Nchains 1:*0 x1 x2 x3 x4 x5 x6 7+0 != (8-1+(1-1)*1
-1 
len 3 bonds, Nchains 1:*0 x1 x2 x3 x4 x5 6+0 != (8-1+(1-2)*1
-1 -1 
len 4 bonds, Nchains 1:*0 x1 x2 x3 x4 5+0 != (8-1+(1-3)*1
-1 -1 -1 
swap in best curr 156.34 swap 9999 best 99999
swap in best curr 145.71 swap 9999 best 156.34
swap between best curr 144.945 swap 156.34 best 144.945
swap between best curr 142.016 swap 144.945 best 142.016
swap between best curr 141.168 swap 142.016 best 141.168
swap between best curr 139.156 swap 141.168 best 139.156
swap between best curr 137.511 swap 139.156 best 137.511
swap between best curr 126.944 swap 137.511 best 126.944
swap between best curr 123.682 swap 126.944 best 123.682
swap between best curr 116.333 swap 123.682 best 116.333
swap between best curr 115.341 swap 116.333 best 115.341
swap between best curr 113.028 swap 115.341 best 113.028
swap between best curr 112.79 swap 113.028 best 112.79
swap between best curr 112.621 swap 112.79 best 112.621
swap between best curr 111.543 swap 112.621 best 111.543
swap between best curr 111.295 swap 111.543 best 111.295
swap between best curr 111.121 swap 111.295 best 111.121
swap between best curr 107.485 swap 111.121 best 107.485
swap between best curr 105.679 swap 107.485 best 105.679
swap between best curr 104.893 swap 105.679 best 104.893
swap between best curr 101.332 swap 104.893 best 101.332
swap between best curr 100.018 swap 101.332 best 100.018
swap between best curr 92.3996 swap 100.018 best 92.3996
swap between best curr 91.4013 swap 92.3996 best 91.4013
swap between best curr 90.2202 swap 91.4013 best 90.2202
swap between best curr 84.4423 swap 90.2202 best 84.4423
swap between best curr 67.4697 swap 84.4423 best 67.4697
swap between best curr 59.6599 swap 67.4697 best 59.6599
swap between best curr 54.8034 swap 59.6599 best 54.8034
swap between best curr 46.828 swap 54.8034 best 46.828
swap between best curr 46.606 swap 46.828 best 46.606
swap between best curr 39.6607 swap 46.606 best 39.6607
swap between best curr 39.39 swap 39.6607 best 39.39
swap between best curr 39.1707 swap 39.39 best 39.1707
swap between best curr 38.2957 swap 39.1707 best 38.2957
swap between best curr 33.6588 swap 38.2957 best 33.6588
swap between best curr 31.1734 swap 33.6588 best 31.1734
swap between best curr 30.7185 swap 31.1734 best 30.7185
swap between best curr 30.2968 swap 30.7185 best 30.2968
swap between best curr 30.0211 swap 30.2968 best 30.0211
swap between best curr 29.477 swap 30.0211 best 29.477
swap between best curr 29.3726 swap 29.477 best 29.3726
swap between best curr 28.6223 swap 29.3726 best 28.6223
swap between best curr 28.3074 swap 28.6223 best 28.3074
swap between best curr 27.62 swap 28.3074 best 27.62
swap between best curr 27.038 swap 27.62 best 27.038
swap between best curr 25.2408 swap 27.038 best 25.2408
swap between best curr 24.4445 swap 25.2408 best 24.4445
swap between best curr 24.1893 swap 24.4445 best 24.1893
swap between best curr 24.0825 swap 24.1893 best 24.0825
swap between best curr 22.7993 swap 24.0825 best 22.7993
swap between best curr 22.145 swap 22.7993 best 22.145
swap between best curr 21.9104 swap 22.145 best 21.9104
swap between best curr 21.682 swap 21.9104 best 21.682
swap between best curr 20.9232 swap 21.682 best 20.9232
swap between best curr 20.7828 swap 20.9232 best 20.7828
swap between best curr 17.9815 swap 20.7828 best 17.9815
swap between best curr 12.1678 swap 17.9815 best 12.1678
swap between best curr 11.781 swap 12.1678 best 11.781
swap between best curr 11.5357 swap 11.781 best 11.5357
swap between best curr 11.3101 swap 11.5357 best 11.3101
swap between best curr 10.7624 swap 11.3101 best 10.7624
swap between best curr 10.3453 swap 10.7624 best 10.3453
swap in good curr 14.3646 swap 9999 best 10.3453
swap between good curr 13.5961 swap 14.3646 best 10.3453
swap between good curr 13.3402 swap 13.5961 best 10.3453
swap between good curr 11.6986 swap 13.3402 best 10.3453
swap between good curr 11.5495 swap 11.6986 best 10.3453
swap between good curr 11.499 swap 11.5495 best 10.3453
swap between best curr 10.2113 swap 11.499 best 10.2113
swap between best curr 9.36767 swap 10.2113 best 9.36767
swap between best curr 9.20943 swap 9.36767 best 9.20943
swap between best curr 7.96621 swap 9.20943 best 7.96621
swap between best curr 3.82284 swap 7.96621 best 3.82284
swap between best curr 3.71908 swap 3.82284 best 3.71908
swap between best curr 3.34544 swap 3.71908 best 3.34544
swap between best curr 3.03388 swap 3.34544 best 3.03388
swap between best curr 2.90437 swap 3.03388 best 2.90437
swap between best curr 2.85228 swap 2.90437 best 2.85228
swap between best curr 2.03446 swap 2.85228 best 2.03446
swap between best curr 1.96714 swap 2.03446 best 1.96714
swap between best curr -3.13691 swap 1.96714 best -3.13691
totalE 18.253632 extE -10.267095 
swap between best curr -3.17083 swap -3.13691 best -3.17083
totalE 18.609114 extE -10.430818 
swap between best curr -3.23636 swap -3.17083 best -3.23636
totalE 18.543588 extE -10.496344 
swap in good curr -1.61907 swap 9999 best -3.23636
swap between good curr -1.64308 swap -1.61907 best -3.23636
swap between good curr -2.16417 swap -1.64308 best -3.23636
swap between good curr -2.3111 swap -2.16417 best -3.23636
swap between good curr -2.61126 swap -2.3111 best -3.23636
swap between good curr -2.7945 swap -2.61126 best -3.23636
swap between good curr -3.02838 swap -2.7945 best -3.23636
swap between best curr -3.86914 swap -3.02838 best -3.86914
totalE 13.824745 extE -9.767104 
swap between best curr -4.43148 swap -3.86914 best -4.43148
totalE 13.537774 extE -10.421232 
swap between best curr -5.41281 swap -4.43148 best -5.41281
totalE 12.135359 extE -11.262203 
swap between best curr -6.06251 swap -5.41281 best -6.06251
totalE 8.711886 extE -10.987311 
swap between best curr -6.92379 swap -6.06251 best -6.92379
totalE 7.969001 extE -11.888059 
swap between best curr -8.00286 swap -6.92379 best -8.00286
totalE 5.340303 extE -12.450579 
totalE 700156.887562 extE 699993.000000 
totalE 700156.887562 extE 699993.000000 
totalE 700156.887562 extE 699993.000000 
totalE 700156.887562 extE 699993.000000 
totalE 700156.887562 extE 699993.000000 
totalE 700156.887562 extE 699993.000000 
totalE 700156.887562 extE 699993.000000 
totalE 5.340303 extE -12.450579 
totalE 18.543588 extE -10.496344 
totalE 55.395350 extE -4.671450 
totalE 5.340303 extE -12.450579 
best target energy -8.00286
The program has successfully finished in 0 seconds. :)  Bye-bye!
ramaprob initialise success 
transpoints initialise success with 236 transpoints 
grid box initialise succuss 75 51 65 
